******************************************************************************
                  MSP430 Linker PC v16.9.3                     
******************************************************************************
>> Linked Tue Aug 15 22:36:54 2017

OUTPUT FILE NAME:   <embedded_printf_test_g2553.out>
ENTRY POINT SYMBOL: "_c_int00_noinit_noargs_noexit"  address: 0000df80


MEMORY CONFIGURATION

         name            origin    length      used     unused   attr    fill
----------------------  --------  ---------  --------  --------  ----  --------
  SFR                   00000000   00000010  00000000  00000010  RWIX
  PERIPHERALS_8BIT      00000010   000000f0  00000000  000000f0  RWIX
  PERIPHERALS_16BIT     00000100   00000100  00000000  00000100  RWIX
  RAM                   00000200   00000200  00000050  000001b0  RWIX
  INFOD                 00001000   00000040  00000000  00000040  RWIX
  INFOC                 00001040   00000040  00000000  00000040  RWIX
  INFOB                 00001080   00000040  00000000  00000040  RWIX
  INFOA                 000010c0   00000040  00000000  00000040  RWIX
  FLASH                 0000c000   00003fde  000025a8  00001a36  RWIX
  BSLSIGNATURE          0000ffde   00000002  00000002  00000000  RWIX  ffff 
  INT00                 0000ffe0   00000002  00000002  00000000  RWIX
  INT01                 0000ffe2   00000002  00000000  00000002  RWIX
  INT02                 0000ffe4   00000002  00000002  00000000  RWIX
  INT03                 0000ffe6   00000002  00000002  00000000  RWIX
  INT04                 0000ffe8   00000002  00000000  00000002  RWIX
  INT05                 0000ffea   00000002  00000002  00000000  RWIX
  INT06                 0000ffec   00000002  00000002  00000000  RWIX
  INT07                 0000ffee   00000002  00000002  00000000  RWIX
  INT08                 0000fff0   00000002  00000002  00000000  RWIX
  INT09                 0000fff2   00000002  00000002  00000000  RWIX
  INT10                 0000fff4   00000002  00000002  00000000  RWIX
  INT11                 0000fff6   00000002  00000002  00000000  RWIX
  INT12                 0000fff8   00000002  00000002  00000000  RWIX
  INT13                 0000fffa   00000002  00000002  00000000  RWIX
  INT14                 0000fffc   00000002  00000002  00000000  RWIX
  RESET                 0000fffe   00000002  00000002  00000000  RWIX


SECTION ALLOCATION MAP

 output                                  attributes/
section   page    origin      length       input sections
--------  ----  ----------  ----------   ----------------
.stack     0    000003b0    00000050     UNINITIALIZED
                  000003b0    00000002     rts430_eabi.lib : boot.obj (.stack)
                  000003b2    0000004e     --HOLE--

.text      0    0000c000    00001fea     
                  0000c000    0000110a     main.obj (.text:main)
                  0000d10a    000002c8     embedded_printf.obj (.text:embedded_printf)
                  0000d3d2    00000274     embedded_printf.obj (.text:embedded_ftoa)
                  0000d646    00000132     rts430_eabi.lib : fs_add.obj (.text)
                  0000d778    00000128     embedded_printf.obj (.text:embedded_ltoa)
                  0000d8a0    000000c4     rts430_eabi.lib : fs_mpy.obj (.text)
                  0000d964    0000009c                     : fs_div.obj (.text)
                  0000da00    0000008c                     : cvtdf.obj (.text:__mspabi_cvtdf)
                  0000da8c    0000007e                     : fs_tol.obj (.text)
                  0000db0a    00000074     embedded_printf.obj (.text:embedded_prints)
                  0000db7e    00000058     rts430_eabi.lib : div32u.obj (.text)
                  0000dbd6    0000004c                     : fs_toul.obj (.text)
                  0000dc22    0000004c                     : lsr16.obj (.text)
                  0000dc6e    0000004a                     : fs_cmp.obj (.text)
                  0000dcb8    0000004a                     : fs_ltof.obj (.text)
                  0000dd02    00000040                     : div32s.obj (.text)
                  0000dd42    0000003e                     : lsl32.obj (.text:l_lsl_const)
                  0000dd80    0000003a     embedded_printf.obj (.text:print_hexa)
                  0000ddba    0000003a     embedded_printf.obj (.text:print_long)
                  0000ddf4    00000038     embedded_printf.obj (.text:print_binary)
                  0000de2c    00000038     embedded_printf.obj (.text:print_ulong)
                  0000de64    0000002c     rts430_eabi.lib : div16s.obj (.text)
                  0000de90    0000002c                     : lsl16.obj (.text)
                  0000debc    00000028     embedded_printf.obj (.text:print_float)
                  0000dee4    00000028     embedded_printf.obj (.text:print_scientific)
                  0000df0c    00000026     serial_conf.obj (.text:serial_configure)
                  0000df32    00000024     rts430_eabi.lib : fs_utof.obj (.text)
                  0000df56    00000016                     : div16u.obj (.text)
                  0000df6c    00000014                     : mult16.obj (.text)
                  0000df80    00000012                     : boot_special.obj (.text:_c_int00_noinit_noargs_noexit)
                  0000df92    00000010                     : lsl32.obj (.text:l_lsl)
                  0000dfa2    00000010                     : epilog.obj (.text)
                  0000dfb2    0000000c     serial_conf.obj (.text:serial_sendbyte)
                  0000dfbe    0000000a     embedded_printf.obj (.text:print_string)
                  0000dfc8    0000000a     rts430_eabi.lib : fs_neg.obj (.text)
                  0000dfd2    00000008                     : isr_trap.obj (.text:_isr:__TI_ISR_TRAP)
                  0000dfda    00000006                     : exit.obj (.text:abort)
                  0000dfe0    00000006     embedded_printf.obj (.text:putChar)
                  0000dfe6    00000004     rts430_eabi.lib : pre_init.obj (.text:_system_pre_init)

.cinit     0    0000c000    00000000     UNINITIALIZED

.const     0    0000dfea    000005be     
                  0000dfea    000005b6     main.obj (.const:.string)
                  0000e5a0    00000008     embedded_printf.obj (.const:.string)

.init_array 
*          0    0000c000    00000000     UNINITIALIZED

TRAPINT    0    0000ffe0    00000002     
                  0000ffe0    00000002     rts430_eabi.lib : int00.obj (.int00)

PORT1      0    0000ffe4    00000002     
                  0000ffe4    00000002     rts430_eabi.lib : int02.obj (.int02)

PORT2      0    0000ffe6    00000002     
                  0000ffe6    00000002     rts430_eabi.lib : int03.obj (.int03)

$fill000   0    0000ffde    00000002     
                  0000ffde    00000002     --HOLE-- [fill = ffff]

ADC10      0    0000ffea    00000002     
                  0000ffea    00000002     rts430_eabi.lib : int05.obj (.int05)

USCIAB0TX 
*          0    0000ffec    00000002     
                  0000ffec    00000002     rts430_eabi.lib : int06.obj (.int06)

USCIAB0RX 
*          0    0000ffee    00000002     
                  0000ffee    00000002     rts430_eabi.lib : int07.obj (.int07)

TIMER0_A1 
*          0    0000fff0    00000002     
                  0000fff0    00000002     rts430_eabi.lib : int08.obj (.int08)

TIMER0_A0 
*          0    0000fff2    00000002     
                  0000fff2    00000002     rts430_eabi.lib : int09.obj (.int09)

WDT        0    0000fff4    00000002     
                  0000fff4    00000002     rts430_eabi.lib : int10.obj (.int10)

COMPARATORA 
*          0    0000fff6    00000002     
                  0000fff6    00000002     rts430_eabi.lib : int11.obj (.int11)

TIMER1_A1 
*          0    0000fff8    00000002     
                  0000fff8    00000002     rts430_eabi.lib : int12.obj (.int12)

TIMER1_A0 
*          0    0000fffa    00000002     
                  0000fffa    00000002     rts430_eabi.lib : int13.obj (.int13)

NMI        0    0000fffc    00000002     
                  0000fffc    00000002     rts430_eabi.lib : int14.obj (.int14)

.reset     0    0000fffe    00000002     
                  0000fffe    00000002     rts430_eabi.lib : boot.obj (.reset)

MODULE SUMMARY

       Module                code   ro data   rw data
       ------                ----   -------   -------
    .\
       main.obj              4362   1462      0      
       embedded_printf.obj   2076   8         0      
       serial_conf.obj       50     0         0      
    +--+---------------------+------+---------+---------+
       Total:                6488   1470      0      
                                                     
    C:\ti\ccsv7\tools\compiler\ti-cgt-msp430_16.9.3.LTS\lib\rts430_eabi.lib
       fs_add.obj            306    0         0      
       fs_mpy.obj            196    0         0      
       fs_div.obj            156    0         0      
       cvtdf.obj             140    0         0      
       fs_tol.obj            126    0         0      
       div32u.obj            88     0         0      
       lsl32.obj             78     0         0      
       fs_toul.obj           76     0         0      
       lsr16.obj             76     0         0      
       fs_cmp.obj            74     0         0      
       fs_ltof.obj           74     0         0      
       div32s.obj            64     0         0      
       div16s.obj            44     0         0      
       lsl16.obj             44     0         0      
       fs_utof.obj           36     0         0      
       div16u.obj            22     0         0      
       mult16.obj            20     0         0      
       boot_special.obj      18     0         0      
       epilog.obj            16     0         0      
       fs_neg.obj            10     0         0      
       isr_trap.obj          8      0         0      
       exit.obj              6      0         0      
       pre_init.obj          4      0         0      
       boot.obj              0      2         0      
       int00.obj             0      2         0      
       int02.obj             0      2         0      
       int03.obj             0      2         0      
       int05.obj             0      2         0      
       int06.obj             0      2         0      
       int07.obj             0      2         0      
       int08.obj             0      2         0      
       int09.obj             0      2         0      
       int10.obj             0      2         0      
       int11.obj             0      2         0      
       int12.obj             0      2         0      
       int13.obj             0      2         0      
       int14.obj             0      2         0      
    +--+---------------------+------+---------+---------+
       Total:                1682   28        0      
                                                     
       Stack:                0      0         80     
    +--+---------------------+------+---------+---------+
       Grand Total:          8170   1498      80     


GLOBAL SYMBOLS: SORTED ALPHABETICALLY BY Name 

address   name                         
-------   ----                         
0000004a  ADC10AE0                     
000001b0  ADC10CTL0                    
000001b2  ADC10CTL1                    
00000048  ADC10DTC0                    
00000049  ADC10DTC1                    
000001b4  ADC10MEM                     
000001bc  ADC10SA                      
00000057  BCSCTL1                      
00000058  BCSCTL2                      
00000053  BCSCTL3                      
0000dfda  C$$EXIT                      
00000059  CACTL1                       
0000005a  CACTL2                       
000010fb  CALBC1_12MHZ                 
000010f9  CALBC1_16MHZ                 
000010ff  CALBC1_1MHZ                  
000010fd  CALBC1_8MHZ                  
000010fa  CALDCO_12MHZ                 
000010f8  CALDCO_16MHZ                 
000010fe  CALDCO_1MHZ                  
000010fc  CALDCO_8MHZ                  
0000005b  CAPD                         
00000056  DCOCTL                       
00000128  FCTL1                        
0000012a  FCTL2                        
0000012c  FCTL3                        
00000000  IE1                          
00000001  IE2                          
00000002  IFG1                         
00000003  IFG2                         
00000022  P1DIR                        
00000025  P1IE                         
00000024  P1IES                        
00000023  P1IFG                        
00000020  P1IN                         
00000021  P1OUT                        
00000027  P1REN                        
00000026  P1SEL                        
00000041  P1SEL2                       
0000002a  P2DIR                        
0000002d  P2IE                         
0000002c  P2IES                        
0000002b  P2IFG                        
00000028  P2IN                         
00000029  P2OUT                        
0000002f  P2REN                        
0000002e  P2SEL                        
00000042  P2SEL2                       
0000001a  P3DIR                        
00000018  P3IN                         
00000019  P3OUT                        
00000010  P3REN                        
0000001b  P3SEL                        
00000043  P3SEL2                       
00000172  TA0CCR0                      
00000174  TA0CCR1                      
00000176  TA0CCR2                      
00000162  TA0CCTL0                     
00000164  TA0CCTL1                     
00000166  TA0CCTL2                     
00000160  TA0CTL                       
0000012e  TA0IV                        
00000170  TA0R                         
00000192  TA1CCR0                      
00000194  TA1CCR1                      
00000196  TA1CCR2                      
00000182  TA1CCTL0                     
00000184  TA1CCTL1                     
00000186  TA1CCTL2                     
00000180  TA1CTL                       
0000011e  TA1IV                        
00000190  TA1R                         
000010db  TLV_ADC10_1_LEN              
000010da  TLV_ADC10_1_TAG              
000010c0  TLV_CHECKSUM                 
000010f7  TLV_DCO_30_LEN               
000010f6  TLV_DCO_30_TAG               
0000005d  UCA0ABCTL                    
00000062  UCA0BR0                      
00000063  UCA0BR1                      
00000060  UCA0CTL0                     
00000061  UCA0CTL1                     
0000005f  UCA0IRRCTL                   
0000005e  UCA0IRTCTL                   
00000064  UCA0MCTL                     
00000066  UCA0RXBUF                    
00000065  UCA0STAT                     
00000067  UCA0TXBUF                    
0000006a  UCB0BR0                      
0000006b  UCB0BR1                      
00000068  UCB0CTL0                     
00000069  UCB0CTL1                     
0000006c  UCB0I2CIE                    
00000118  UCB0I2COA                    
0000011a  UCB0I2CSA                    
0000006e  UCB0RXBUF                    
0000006d  UCB0STAT                     
0000006f  UCB0TXBUF                    
00000120  WDTCTL                       
00000400  __STACK_END                  
00000050  __STACK_SIZE                 
0000dfd2  __TI_ISR_TRAP                
0000ffe0  __TI_int00                   
0000ffe4  __TI_int02                   
0000ffe6  __TI_int03                   
0000ffea  __TI_int05                   
0000ffec  __TI_int06                   
0000ffee  __TI_int07                   
0000fff0  __TI_int08                   
0000fff2  __TI_int09                   
0000fff4  __TI_int10                   
0000fff6  __TI_int11                   
0000fff8  __TI_int12                   
0000fffa  __TI_int13                   
0000fffc  __TI_int14                   
ffffffff  __TI_pprof_out_hndl          
ffffffff  __TI_prof_data_size          
ffffffff  __TI_prof_data_start         
ffffffff  __c_args__                   
0000d64c  __mspabi_addf                
0000dc6e  __mspabi_cmpf                
0000da00  __mspabi_cvtdf               
0000d964  __mspabi_divf                
0000de64  __mspabi_divi                
0000dd02  __mspabi_divli               
0000df56  __mspabi_divu                
0000db7e  __mspabi_divul               
0000da8c  __mspabi_fixfli              
0000dbd6  __mspabi_fixful              
0000dcb8  __mspabi_fltlif              
0000df32  __mspabi_fltuf               
0000dfae  __mspabi_func_epilog_1       
0000dfac  __mspabi_func_epilog_2       
0000dfaa  __mspabi_func_epilog_3       
0000dfa8  __mspabi_func_epilog_4       
0000dfa6  __mspabi_func_epilog_5       
0000dfa4  __mspabi_func_epilog_6       
0000dfa2  __mspabi_func_epilog_7       
0000d8a0  __mspabi_mpyf                
0000df6c  __mspabi_mpyi                
0000df6c  __mspabi_mpyi_sw             
0000dfc8  __mspabi_negf                
0000de64  __mspabi_remi                
0000dd02  __mspabi_remli               
0000df56  __mspabi_remu                
0000db7e  __mspabi_remul               
0000de90  __mspabi_slli                
0000deb8  __mspabi_slli_1              
0000dea6  __mspabi_slli_10             
0000dea4  __mspabi_slli_11             
0000dea2  __mspabi_slli_12             
0000dea0  __mspabi_slli_13             
0000de9e  __mspabi_slli_14             
0000de9c  __mspabi_slli_15             
0000deb6  __mspabi_slli_2              
0000deb4  __mspabi_slli_3              
0000deb2  __mspabi_slli_4              
0000deb0  __mspabi_slli_5              
0000deae  __mspabi_slli_6              
0000deac  __mspabi_slli_7              
0000deaa  __mspabi_slli_8              
0000dea8  __mspabi_slli_9              
0000df92  __mspabi_slll                
0000dd7a  __mspabi_slll_1              
0000dd56  __mspabi_slll_10             
0000dd52  __mspabi_slll_11             
0000dd4e  __mspabi_slll_12             
0000dd4a  __mspabi_slll_13             
0000dd46  __mspabi_slll_14             
0000dd42  __mspabi_slll_15             
0000dd76  __mspabi_slll_2              
0000dd72  __mspabi_slll_3              
0000dd6e  __mspabi_slll_4              
0000dd6a  __mspabi_slll_5              
0000dd66  __mspabi_slll_6              
0000dd62  __mspabi_slll_7              
0000dd5e  __mspabi_slll_8              
0000dd5a  __mspabi_slll_9              
0000dc22  __mspabi_srli                
0000dc68  __mspabi_srli_1              
0000dc44  __mspabi_srli_10             
0000dc40  __mspabi_srli_11             
0000dc3c  __mspabi_srli_12             
0000dc38  __mspabi_srli_13             
0000dc34  __mspabi_srli_14             
0000dc30  __mspabi_srli_15             
0000dc64  __mspabi_srli_2              
0000dc60  __mspabi_srli_3              
0000dc5c  __mspabi_srli_4              
0000dc58  __mspabi_srli_5              
0000dc54  __mspabi_srli_6              
0000dc50  __mspabi_srli_7              
0000dc4c  __mspabi_srli_8              
0000dc48  __mspabi_srli_9              
0000d646  __mspabi_subf                
0000df80  _c_int00_noinit_noargs_noexit
0000fffe  _reset_vector                
000003b0  _stack                       
0000dfe6  _system_pre_init             
0000dfda  abort                        
0000d3d2  embedded_ftoa                
0000d778  embedded_ltoa                
0000d10a  embedded_printf              
0000db0a  embedded_prints              
0000c000  main                         
0000ddf4  print_binary                 
0000debc  print_float                  
0000dd80  print_hexa                   
0000ddba  print_long                   
0000dee4  print_scientific             
0000dfbe  print_string                 
0000de2c  print_ulong                  
0000dfe0  putChar                      
0000df0c  serial_configure             
0000dfb2  serial_sendbyte              


GLOBAL SYMBOLS: SORTED BY Symbol Address 

address   name                         
-------   ----                         
00000000  IE1                          
00000001  IE2                          
00000002  IFG1                         
00000003  IFG2                         
00000010  P3REN                        
00000018  P3IN                         
00000019  P3OUT                        
0000001a  P3DIR                        
0000001b  P3SEL                        
00000020  P1IN                         
00000021  P1OUT                        
00000022  P1DIR                        
00000023  P1IFG                        
00000024  P1IES                        
00000025  P1IE                         
00000026  P1SEL                        
00000027  P1REN                        
00000028  P2IN                         
00000029  P2OUT                        
0000002a  P2DIR                        
0000002b  P2IFG                        
0000002c  P2IES                        
0000002d  P2IE                         
0000002e  P2SEL                        
0000002f  P2REN                        
00000041  P1SEL2                       
00000042  P2SEL2                       
00000043  P3SEL2                       
00000048  ADC10DTC0                    
00000049  ADC10DTC1                    
0000004a  ADC10AE0                     
00000050  __STACK_SIZE                 
00000053  BCSCTL3                      
00000056  DCOCTL                       
00000057  BCSCTL1                      
00000058  BCSCTL2                      
00000059  CACTL1                       
0000005a  CACTL2                       
0000005b  CAPD                         
0000005d  UCA0ABCTL                    
0000005e  UCA0IRTCTL                   
0000005f  UCA0IRRCTL                   
00000060  UCA0CTL0                     
00000061  UCA0CTL1                     
00000062  UCA0BR0                      
00000063  UCA0BR1                      
00000064  UCA0MCTL                     
00000065  UCA0STAT                     
00000066  UCA0RXBUF                    
00000067  UCA0TXBUF                    
00000068  UCB0CTL0                     
00000069  UCB0CTL1                     
0000006a  UCB0BR0                      
0000006b  UCB0BR1                      
0000006c  UCB0I2CIE                    
0000006d  UCB0STAT                     
0000006e  UCB0RXBUF                    
0000006f  UCB0TXBUF                    
00000118  UCB0I2COA                    
0000011a  UCB0I2CSA                    
0000011e  TA1IV                        
00000120  WDTCTL                       
00000128  FCTL1                        
0000012a  FCTL2                        
0000012c  FCTL3                        
0000012e  TA0IV                        
00000160  TA0CTL                       
00000162  TA0CCTL0                     
00000164  TA0CCTL1                     
00000166  TA0CCTL2                     
00000170  TA0R                         
00000172  TA0CCR0                      
00000174  TA0CCR1                      
00000176  TA0CCR2                      
00000180  TA1CTL                       
00000182  TA1CCTL0                     
00000184  TA1CCTL1                     
00000186  TA1CCTL2                     
00000190  TA1R                         
00000192  TA1CCR0                      
00000194  TA1CCR1                      
00000196  TA1CCR2                      
000001b0  ADC10CTL0                    
000001b2  ADC10CTL1                    
000001b4  ADC10MEM                     
000001bc  ADC10SA                      
000003b0  _stack                       
00000400  __STACK_END                  
000010c0  TLV_CHECKSUM                 
000010da  TLV_ADC10_1_TAG              
000010db  TLV_ADC10_1_LEN              
000010f6  TLV_DCO_30_TAG               
000010f7  TLV_DCO_30_LEN               
000010f8  CALDCO_16MHZ                 
000010f9  CALBC1_16MHZ                 
000010fa  CALDCO_12MHZ                 
000010fb  CALBC1_12MHZ                 
000010fc  CALDCO_8MHZ                  
000010fd  CALBC1_8MHZ                  
000010fe  CALDCO_1MHZ                  
000010ff  CALBC1_1MHZ                  
0000c000  main                         
0000d10a  embedded_printf              
0000d3d2  embedded_ftoa                
0000d646  __mspabi_subf                
0000d64c  __mspabi_addf                
0000d778  embedded_ltoa                
0000d8a0  __mspabi_mpyf                
0000d964  __mspabi_divf                
0000da00  __mspabi_cvtdf               
0000da8c  __mspabi_fixfli              
0000db0a  embedded_prints              
0000db7e  __mspabi_divul               
0000db7e  __mspabi_remul               
0000dbd6  __mspabi_fixful              
0000dc22  __mspabi_srli                
0000dc30  __mspabi_srli_15             
0000dc34  __mspabi_srli_14             
0000dc38  __mspabi_srli_13             
0000dc3c  __mspabi_srli_12             
0000dc40  __mspabi_srli_11             
0000dc44  __mspabi_srli_10             
0000dc48  __mspabi_srli_9              
0000dc4c  __mspabi_srli_8              
0000dc50  __mspabi_srli_7              
0000dc54  __mspabi_srli_6              
0000dc58  __mspabi_srli_5              
0000dc5c  __mspabi_srli_4              
0000dc60  __mspabi_srli_3              
0000dc64  __mspabi_srli_2              
0000dc68  __mspabi_srli_1              
0000dc6e  __mspabi_cmpf                
0000dcb8  __mspabi_fltlif              
0000dd02  __mspabi_divli               
0000dd02  __mspabi_remli               
0000dd42  __mspabi_slll_15             
0000dd46  __mspabi_slll_14             
0000dd4a  __mspabi_slll_13             
0000dd4e  __mspabi_slll_12             
0000dd52  __mspabi_slll_11             
0000dd56  __mspabi_slll_10             
0000dd5a  __mspabi_slll_9              
0000dd5e  __mspabi_slll_8              
0000dd62  __mspabi_slll_7              
0000dd66  __mspabi_slll_6              
0000dd6a  __mspabi_slll_5              
0000dd6e  __mspabi_slll_4              
0000dd72  __mspabi_slll_3              
0000dd76  __mspabi_slll_2              
0000dd7a  __mspabi_slll_1              
0000dd80  print_hexa                   
0000ddba  print_long                   
0000ddf4  print_binary                 
0000de2c  print_ulong                  
0000de64  __mspabi_divi                
0000de64  __mspabi_remi                
0000de90  __mspabi_slli                
0000de9c  __mspabi_slli_15             
0000de9e  __mspabi_slli_14             
0000dea0  __mspabi_slli_13             
0000dea2  __mspabi_slli_12             
0000dea4  __mspabi_slli_11             
0000dea6  __mspabi_slli_10             
0000dea8  __mspabi_slli_9              
0000deaa  __mspabi_slli_8              
0000deac  __mspabi_slli_7              
0000deae  __mspabi_slli_6              
0000deb0  __mspabi_slli_5              
0000deb2  __mspabi_slli_4              
0000deb4  __mspabi_slli_3              
0000deb6  __mspabi_slli_2              
0000deb8  __mspabi_slli_1              
0000debc  print_float                  
0000dee4  print_scientific             
0000df0c  serial_configure             
0000df32  __mspabi_fltuf               
0000df56  __mspabi_divu                
0000df56  __mspabi_remu                
0000df6c  __mspabi_mpyi                
0000df6c  __mspabi_mpyi_sw             
0000df80  _c_int00_noinit_noargs_noexit
0000df92  __mspabi_slll                
0000dfa2  __mspabi_func_epilog_7       
0000dfa4  __mspabi_func_epilog_6       
0000dfa6  __mspabi_func_epilog_5       
0000dfa8  __mspabi_func_epilog_4       
0000dfaa  __mspabi_func_epilog_3       
0000dfac  __mspabi_func_epilog_2       
0000dfae  __mspabi_func_epilog_1       
0000dfb2  serial_sendbyte              
0000dfbe  print_string                 
0000dfc8  __mspabi_negf                
0000dfd2  __TI_ISR_TRAP                
0000dfda  C$$EXIT                      
0000dfda  abort                        
0000dfe0  putChar                      
0000dfe6  _system_pre_init             
0000ffe0  __TI_int00                   
0000ffe4  __TI_int02                   
0000ffe6  __TI_int03                   
0000ffea  __TI_int05                   
0000ffec  __TI_int06                   
0000ffee  __TI_int07                   
0000fff0  __TI_int08                   
0000fff2  __TI_int09                   
0000fff4  __TI_int10                   
0000fff6  __TI_int11                   
0000fff8  __TI_int12                   
0000fffa  __TI_int13                   
0000fffc  __TI_int14                   
0000fffe  _reset_vector                
ffffffff  __TI_pprof_out_hndl          
ffffffff  __TI_prof_data_size          
ffffffff  __TI_prof_data_start         
ffffffff  __c_args__                   

[215 symbols]
