<?xml version="1.0"?>
<link_info>
   <banner>MSP430 Linker PC v4.4.6</banner>
   <copyright>Copyright (c) 2003-2015 Texas Instruments Incorporated</copyright>
   <link_time>0x566d08b5</link_time>
   <link_errors>0x0</link_errors>
   <output_file>embed_printf_v01_12_include.out</output_file>
   <entry_point>
      <name>_c_int00_noinit_noargs_noexit</name>
      <address>0xdf28</address>
   </entry_point>
   <input_file_list>
      <input_file id="fl-2">
         <path>.\</path>
         <kind>object</kind>
         <file>embedded_printf.obj</file>
         <name>embedded_printf.obj</name>
      </input_file>
      <input_file id="fl-3">
         <path>.\</path>
         <kind>object</kind>
         <file>main.obj</file>
         <name>main.obj</name>
      </input_file>
      <input_file id="fl-4">
         <path>.\</path>
         <kind>object</kind>
         <file>serial_conf.obj</file>
         <name>serial_conf.obj</name>
      </input_file>
      <input_file id="fl-33">
         <path>C:\ti\ccsv6\tools\compiler\ti-cgt-msp430_4.4.6\lib\</path>
         <kind>archive</kind>
         <file>rts430_eabi.lib</file>
         <name>boot.obj</name>
      </input_file>
      <input_file id="fl-34">
         <path>C:\ti\ccsv6\tools\compiler\ti-cgt-msp430_4.4.6\lib\</path>
         <kind>archive</kind>
         <file>rts430_eabi.lib</file>
         <name>boot_special.obj</name>
      </input_file>
      <input_file id="fl-35">
         <path>C:\ti\ccsv6\tools\compiler\ti-cgt-msp430_4.4.6\lib\</path>
         <kind>archive</kind>
         <file>rts430_eabi.lib</file>
         <name>copy_decompress_none.obj</name>
      </input_file>
      <input_file id="fl-36">
         <path>C:\ti\ccsv6\tools\compiler\ti-cgt-msp430_4.4.6\lib\</path>
         <kind>archive</kind>
         <file>rts430_eabi.lib</file>
         <name>copy_decompress_rle.obj</name>
      </input_file>
      <input_file id="fl-37">
         <path>C:\ti\ccsv6\tools\compiler\ti-cgt-msp430_4.4.6\lib\</path>
         <kind>archive</kind>
         <file>rts430_eabi.lib</file>
         <name>copy_zero_init.obj</name>
      </input_file>
      <input_file id="fl-38">
         <path>C:\ti\ccsv6\tools\compiler\ti-cgt-msp430_4.4.6\lib\</path>
         <kind>archive</kind>
         <file>rts430_eabi.lib</file>
         <name>cvtdf.obj</name>
      </input_file>
      <input_file id="fl-39">
         <path>C:\ti\ccsv6\tools\compiler\ti-cgt-msp430_4.4.6\lib\</path>
         <kind>archive</kind>
         <file>rts430_eabi.lib</file>
         <name>div16s.obj</name>
      </input_file>
      <input_file id="fl-3a">
         <path>C:\ti\ccsv6\tools\compiler\ti-cgt-msp430_4.4.6\lib\</path>
         <kind>archive</kind>
         <file>rts430_eabi.lib</file>
         <name>div16u.obj</name>
      </input_file>
      <input_file id="fl-3b">
         <path>C:\ti\ccsv6\tools\compiler\ti-cgt-msp430_4.4.6\lib\</path>
         <kind>archive</kind>
         <file>rts430_eabi.lib</file>
         <name>div32s.obj</name>
      </input_file>
      <input_file id="fl-3c">
         <path>C:\ti\ccsv6\tools\compiler\ti-cgt-msp430_4.4.6\lib\</path>
         <kind>archive</kind>
         <file>rts430_eabi.lib</file>
         <name>div32u.obj</name>
      </input_file>
      <input_file id="fl-3d">
         <path>C:\ti\ccsv6\tools\compiler\ti-cgt-msp430_4.4.6\lib\</path>
         <kind>archive</kind>
         <file>rts430_eabi.lib</file>
         <name>epilog.obj</name>
      </input_file>
      <input_file id="fl-3e">
         <path>C:\ti\ccsv6\tools\compiler\ti-cgt-msp430_4.4.6\lib\</path>
         <kind>archive</kind>
         <file>rts430_eabi.lib</file>
         <name>exit.obj</name>
      </input_file>
      <input_file id="fl-3f">
         <path>C:\ti\ccsv6\tools\compiler\ti-cgt-msp430_4.4.6\lib\</path>
         <kind>archive</kind>
         <file>rts430_eabi.lib</file>
         <name>exit_gvars.obj</name>
      </input_file>
      <input_file id="fl-40">
         <path>C:\ti\ccsv6\tools\compiler\ti-cgt-msp430_4.4.6\lib\</path>
         <kind>archive</kind>
         <file>rts430_eabi.lib</file>
         <name>fs_add.obj</name>
      </input_file>
      <input_file id="fl-41">
         <path>C:\ti\ccsv6\tools\compiler\ti-cgt-msp430_4.4.6\lib\</path>
         <kind>archive</kind>
         <file>rts430_eabi.lib</file>
         <name>fs_cmp.obj</name>
      </input_file>
      <input_file id="fl-42">
         <path>C:\ti\ccsv6\tools\compiler\ti-cgt-msp430_4.4.6\lib\</path>
         <kind>archive</kind>
         <file>rts430_eabi.lib</file>
         <name>fs_div.obj</name>
      </input_file>
      <input_file id="fl-43">
         <path>C:\ti\ccsv6\tools\compiler\ti-cgt-msp430_4.4.6\lib\</path>
         <kind>archive</kind>
         <file>rts430_eabi.lib</file>
         <name>fs_ltof.obj</name>
      </input_file>
      <input_file id="fl-44">
         <path>C:\ti\ccsv6\tools\compiler\ti-cgt-msp430_4.4.6\lib\</path>
         <kind>archive</kind>
         <file>rts430_eabi.lib</file>
         <name>fs_mpy.obj</name>
      </input_file>
      <input_file id="fl-45">
         <path>C:\ti\ccsv6\tools\compiler\ti-cgt-msp430_4.4.6\lib\</path>
         <kind>archive</kind>
         <file>rts430_eabi.lib</file>
         <name>fs_neg.obj</name>
      </input_file>
      <input_file id="fl-46">
         <path>C:\ti\ccsv6\tools\compiler\ti-cgt-msp430_4.4.6\lib\</path>
         <kind>archive</kind>
         <file>rts430_eabi.lib</file>
         <name>fs_tol.obj</name>
      </input_file>
      <input_file id="fl-47">
         <path>C:\ti\ccsv6\tools\compiler\ti-cgt-msp430_4.4.6\lib\</path>
         <kind>archive</kind>
         <file>rts430_eabi.lib</file>
         <name>fs_utof.obj</name>
      </input_file>
      <input_file id="fl-48">
         <path>C:\ti\ccsv6\tools\compiler\ti-cgt-msp430_4.4.6\lib\</path>
         <kind>archive</kind>
         <file>rts430_eabi.lib</file>
         <name>int00.obj</name>
      </input_file>
      <input_file id="fl-49">
         <path>C:\ti\ccsv6\tools\compiler\ti-cgt-msp430_4.4.6\lib\</path>
         <kind>archive</kind>
         <file>rts430_eabi.lib</file>
         <name>int02.obj</name>
      </input_file>
      <input_file id="fl-4a">
         <path>C:\ti\ccsv6\tools\compiler\ti-cgt-msp430_4.4.6\lib\</path>
         <kind>archive</kind>
         <file>rts430_eabi.lib</file>
         <name>int03.obj</name>
      </input_file>
      <input_file id="fl-4b">
         <path>C:\ti\ccsv6\tools\compiler\ti-cgt-msp430_4.4.6\lib\</path>
         <kind>archive</kind>
         <file>rts430_eabi.lib</file>
         <name>int05.obj</name>
      </input_file>
      <input_file id="fl-4c">
         <path>C:\ti\ccsv6\tools\compiler\ti-cgt-msp430_4.4.6\lib\</path>
         <kind>archive</kind>
         <file>rts430_eabi.lib</file>
         <name>int06.obj</name>
      </input_file>
      <input_file id="fl-4d">
         <path>C:\ti\ccsv6\tools\compiler\ti-cgt-msp430_4.4.6\lib\</path>
         <kind>archive</kind>
         <file>rts430_eabi.lib</file>
         <name>int07.obj</name>
      </input_file>
      <input_file id="fl-4e">
         <path>C:\ti\ccsv6\tools\compiler\ti-cgt-msp430_4.4.6\lib\</path>
         <kind>archive</kind>
         <file>rts430_eabi.lib</file>
         <name>int08.obj</name>
      </input_file>
      <input_file id="fl-4f">
         <path>C:\ti\ccsv6\tools\compiler\ti-cgt-msp430_4.4.6\lib\</path>
         <kind>archive</kind>
         <file>rts430_eabi.lib</file>
         <name>int09.obj</name>
      </input_file>
      <input_file id="fl-50">
         <path>C:\ti\ccsv6\tools\compiler\ti-cgt-msp430_4.4.6\lib\</path>
         <kind>archive</kind>
         <file>rts430_eabi.lib</file>
         <name>int10.obj</name>
      </input_file>
      <input_file id="fl-51">
         <path>C:\ti\ccsv6\tools\compiler\ti-cgt-msp430_4.4.6\lib\</path>
         <kind>archive</kind>
         <file>rts430_eabi.lib</file>
         <name>int11.obj</name>
      </input_file>
      <input_file id="fl-52">
         <path>C:\ti\ccsv6\tools\compiler\ti-cgt-msp430_4.4.6\lib\</path>
         <kind>archive</kind>
         <file>rts430_eabi.lib</file>
         <name>int12.obj</name>
      </input_file>
      <input_file id="fl-53">
         <path>C:\ti\ccsv6\tools\compiler\ti-cgt-msp430_4.4.6\lib\</path>
         <kind>archive</kind>
         <file>rts430_eabi.lib</file>
         <name>int13.obj</name>
      </input_file>
      <input_file id="fl-54">
         <path>C:\ti\ccsv6\tools\compiler\ti-cgt-msp430_4.4.6\lib\</path>
         <kind>archive</kind>
         <file>rts430_eabi.lib</file>
         <name>int14.obj</name>
      </input_file>
      <input_file id="fl-55">
         <path>C:\ti\ccsv6\tools\compiler\ti-cgt-msp430_4.4.6\lib\</path>
         <kind>archive</kind>
         <file>rts430_eabi.lib</file>
         <name>isr_trap.obj</name>
      </input_file>
      <input_file id="fl-56">
         <path>C:\ti\ccsv6\tools\compiler\ti-cgt-msp430_4.4.6\lib\</path>
         <kind>archive</kind>
         <file>rts430_eabi.lib</file>
         <name>lsl16.obj</name>
      </input_file>
      <input_file id="fl-57">
         <path>C:\ti\ccsv6\tools\compiler\ti-cgt-msp430_4.4.6\lib\</path>
         <kind>archive</kind>
         <file>rts430_eabi.lib</file>
         <name>lsl32.obj</name>
      </input_file>
      <input_file id="fl-58">
         <path>C:\ti\ccsv6\tools\compiler\ti-cgt-msp430_4.4.6\lib\</path>
         <kind>archive</kind>
         <file>rts430_eabi.lib</file>
         <name>lsr16.obj</name>
      </input_file>
      <input_file id="fl-59">
         <path>C:\ti\ccsv6\tools\compiler\ti-cgt-msp430_4.4.6\lib\</path>
         <kind>archive</kind>
         <file>rts430_eabi.lib</file>
         <name>memcpy.obj</name>
      </input_file>
      <input_file id="fl-5a">
         <path>C:\ti\ccsv6\tools\compiler\ti-cgt-msp430_4.4.6\lib\</path>
         <kind>archive</kind>
         <file>rts430_eabi.lib</file>
         <name>mpu_init.obj</name>
      </input_file>
      <input_file id="fl-5b">
         <path>C:\ti\ccsv6\tools\compiler\ti-cgt-msp430_4.4.6\lib\</path>
         <kind>archive</kind>
         <file>rts430_eabi.lib</file>
         <name>pre_init.obj</name>
      </input_file>
      <input_file id="fl-5c">
         <path>C:\ti\ccsv6\tools\compiler\ti-cgt-msp430_4.4.6\lib\</path>
         <kind>archive</kind>
         <file>rts430_eabi.lib</file>
         <name>_lock.obj</name>
      </input_file>
      <input_file id="fl-5d">
         <path>C:\ti\ccsv6\tools\compiler\ti-cgt-msp430_4.4.6\lib\</path>
         <kind>archive</kind>
         <file>rts430_eabi.lib</file>
         <name>args_main.obj</name>
      </input_file>
      <input_file id="fl-5e">
         <path>C:\ti\ccsv6\tools\compiler\ti-cgt-msp430_4.4.6\lib\</path>
         <kind>archive</kind>
         <file>rts430_eabi.lib</file>
         <name>autoinit.obj</name>
      </input_file>
   </input_file_list>
   <object_component_list>
      <object_component id="oc-8d">
         <name>.stack</name>
         <uninitialized>true</uninitialized>
         <run_address>0x3b0</run_address>
         <size>0x2</size>
         <input_file_ref idref="fl-33"/>
      </object_component>
      <object_component id="oc-251">
         <name>.stack</name>
         <uninitialized>true</uninitialized>
         <run_address>0x3b0</run_address>
         <size>0x0</size>
      </object_component>
      <object_component id="oc-d7">
         <name>.text:main</name>
         <load_address>0xc000</load_address>
         <run_address>0xc000</run_address>
         <size>0x1124</size>
         <input_file_ref idref="fl-3"/>
      </object_component>
      <object_component id="oc-125">
         <name>.text:embedded_printf</name>
         <load_address>0xd124</load_address>
         <run_address>0xd124</run_address>
         <size>0x2c8</size>
         <input_file_ref idref="fl-2"/>
      </object_component>
      <object_component id="oc-137">
         <name>.text:embedded_ftoa</name>
         <load_address>0xd3ec</load_address>
         <run_address>0xd3ec</run_address>
         <size>0x280</size>
         <input_file_ref idref="fl-2"/>
      </object_component>
      <object_component id="oc-131">
         <name>.text:embedded_ltoa</name>
         <load_address>0xd66c</load_address>
         <run_address>0xd66c</run_address>
         <size>0x130</size>
         <input_file_ref idref="fl-2"/>
      </object_component>
      <object_component id="oc-1c7">
         <name>.text</name>
         <load_address>0xd79c</load_address>
         <run_address>0xd79c</run_address>
         <size>0x130</size>
         <input_file_ref idref="fl-40"/>
      </object_component>
      <object_component id="oc-1b8">
         <name>.text</name>
         <load_address>0xd8cc</load_address>
         <run_address>0xd8cc</run_address>
         <size>0xc2</size>
         <input_file_ref idref="fl-44"/>
      </object_component>
      <object_component id="oc-1b3">
         <name>.text</name>
         <load_address>0xd98e</load_address>
         <run_address>0xd98e</run_address>
         <size>0x9a</size>
         <input_file_ref idref="fl-42"/>
      </object_component>
      <object_component id="oc-18e">
         <name>.text:__mspabi_cvtdf</name>
         <load_address>0xda28</load_address>
         <run_address>0xda28</run_address>
         <size>0x8c</size>
         <input_file_ref idref="fl-38"/>
      </object_component>
      <object_component id="oc-1bd">
         <name>.text</name>
         <load_address>0xdab4</load_address>
         <run_address>0xdab4</run_address>
         <size>0x7e</size>
         <input_file_ref idref="fl-46"/>
      </object_component>
      <object_component id="oc-12b">
         <name>.text:embedded_prints</name>
         <load_address>0xdb32</load_address>
         <run_address>0xdb32</run_address>
         <size>0x7a</size>
         <input_file_ref idref="fl-2"/>
      </object_component>
      <object_component id="oc-1a3">
         <name>.text</name>
         <load_address>0xdbac</load_address>
         <run_address>0xdbac</run_address>
         <size>0x58</size>
         <input_file_ref idref="fl-3c"/>
      </object_component>
      <object_component id="oc-1ef">
         <name>.text</name>
         <load_address>0xdc04</load_address>
         <run_address>0xdc04</run_address>
         <size>0x4c</size>
         <input_file_ref idref="fl-58"/>
      </object_component>
      <object_component id="oc-1a9">
         <name>.text</name>
         <load_address>0xdc50</load_address>
         <run_address>0xdc50</run_address>
         <size>0x4a</size>
         <input_file_ref idref="fl-41"/>
      </object_component>
      <object_component id="oc-1c2">
         <name>.text</name>
         <load_address>0xdc9a</load_address>
         <run_address>0xdc9a</run_address>
         <size>0x4a</size>
         <input_file_ref idref="fl-43"/>
      </object_component>
      <object_component id="oc-1d6">
         <name>.text</name>
         <load_address>0xdce4</load_address>
         <run_address>0xdce4</run_address>
         <size>0x40</size>
         <input_file_ref idref="fl-3b"/>
      </object_component>
      <object_component id="oc-1ea">
         <name>.text:l_lsl_const</name>
         <load_address>0xdd24</load_address>
         <run_address>0xdd24</run_address>
         <size>0x3e</size>
         <input_file_ref idref="fl-57"/>
      </object_component>
      <object_component id="oc-155">
         <name>.text:print_hexa</name>
         <load_address>0xdd62</load_address>
         <run_address>0xdd62</run_address>
         <size>0x3a</size>
         <input_file_ref idref="fl-2"/>
      </object_component>
      <object_component id="oc-143">
         <name>.text:print_long</name>
         <load_address>0xdd9c</load_address>
         <run_address>0xdd9c</run_address>
         <size>0x3a</size>
         <input_file_ref idref="fl-2"/>
      </object_component>
      <object_component id="oc-14f">
         <name>.text:print_binary</name>
         <load_address>0xddd6</load_address>
         <run_address>0xddd6</run_address>
         <size>0x38</size>
         <input_file_ref idref="fl-2"/>
      </object_component>
      <object_component id="oc-149">
         <name>.text:print_ulong</name>
         <load_address>0xde0e</load_address>
         <run_address>0xde0e</run_address>
         <size>0x38</size>
         <input_file_ref idref="fl-2"/>
      </object_component>
      <object_component id="oc-1d1">
         <name>.text</name>
         <load_address>0xde46</load_address>
         <run_address>0xde46</run_address>
         <size>0x2c</size>
         <input_file_ref idref="fl-39"/>
      </object_component>
      <object_component id="oc-1f4">
         <name>.text</name>
         <load_address>0xde72</load_address>
         <run_address>0xde72</run_address>
         <size>0x2c</size>
         <input_file_ref idref="fl-56"/>
      </object_component>
      <object_component id="oc-15b">
         <name>.text:print_float</name>
         <load_address>0xde9e</load_address>
         <run_address>0xde9e</run_address>
         <size>0x28</size>
         <input_file_ref idref="fl-2"/>
      </object_component>
      <object_component id="oc-161">
         <name>.text:print_scientific</name>
         <load_address>0xdec6</load_address>
         <run_address>0xdec6</run_address>
         <size>0x28</size>
         <input_file_ref idref="fl-2"/>
      </object_component>
      <object_component id="oc-1cc">
         <name>.text</name>
         <load_address>0xdeee</load_address>
         <run_address>0xdeee</run_address>
         <size>0x24</size>
         <input_file_ref idref="fl-47"/>
      </object_component>
      <object_component id="oc-20d">
         <name>.text</name>
         <load_address>0xdf12</load_address>
         <run_address>0xdf12</run_address>
         <size>0x16</size>
         <input_file_ref idref="fl-3a"/>
      </object_component>
      <object_component id="oc-81">
         <name>.text:_c_int00_noinit_noargs_noexit</name>
         <load_address>0xdf28</load_address>
         <run_address>0xdf28</run_address>
         <size>0x12</size>
         <input_file_ref idref="fl-34"/>
      </object_component>
      <object_component id="oc-120">
         <name>.text:l_lsl</name>
         <load_address>0xdf3a</load_address>
         <run_address>0xdf3a</run_address>
         <size>0x10</size>
         <input_file_ref idref="fl-57"/>
      </object_component>
      <object_component id="oc-100">
         <name>.text</name>
         <load_address>0xdf4a</load_address>
         <run_address>0xdf4a</run_address>
         <size>0x10</size>
         <input_file_ref idref="fl-3d"/>
      </object_component>
      <object_component id="oc-1fb">
         <name>.text:sendbyte</name>
         <load_address>0xdf5a</load_address>
         <run_address>0xdf5a</run_address>
         <size>0xc</size>
         <input_file_ref idref="fl-4"/>
      </object_component>
      <object_component id="oc-13d">
         <name>.text:print_string</name>
         <load_address>0xdf66</load_address>
         <run_address>0xdf66</run_address>
         <size>0xa</size>
         <input_file_ref idref="fl-2"/>
      </object_component>
      <object_component id="oc-1ae">
         <name>.text</name>
         <load_address>0xdf70</load_address>
         <run_address>0xdf70</run_address>
         <size>0xa</size>
         <input_file_ref idref="fl-45"/>
      </object_component>
      <object_component id="oc-ab">
         <name>.text:_isr:__TI_ISR_TRAP</name>
         <load_address>0xdf7a</load_address>
         <run_address>0xdf7a</run_address>
         <size>0x6</size>
         <input_file_ref idref="fl-55"/>
      </object_component>
      <object_component id="oc-195">
         <name>.text:putChar</name>
         <load_address>0xdf80</load_address>
         <run_address>0xdf80</run_address>
         <size>0x6</size>
         <input_file_ref idref="fl-2"/>
      </object_component>
      <object_component id="oc-b7">
         <name>.text:_system_pre_init</name>
         <load_address>0xdf86</load_address>
         <run_address>0xdf86</run_address>
         <size>0x4</size>
         <input_file_ref idref="fl-5b"/>
      </object_component>
      <object_component id="oc-df">
         <name>.text:abort</name>
         <load_address>0xdf8a</load_address>
         <run_address>0xdf8a</run_address>
         <size>0x4</size>
         <input_file_ref idref="fl-3e"/>
      </object_component>
      <object_component id="oc-11f">
         <name>.const:.string</name>
         <load_address>0xdf8e</load_address>
         <run_address>0xdf8e</run_address>
         <size>0x5b6</size>
         <input_file_ref idref="fl-3"/>
      </object_component>
      <object_component id="oc-194">
         <name>.const:.string</name>
         <load_address>0xe544</load_address>
         <run_address>0xe544</run_address>
         <size>0x8</size>
         <input_file_ref idref="fl-2"/>
      </object_component>
      <object_component id="oc-3e">
         <name>.int00</name>
         <load_address>0xffe0</load_address>
         <run_address>0xffe0</run_address>
         <size>0x2</size>
         <input_file_ref idref="fl-48"/>
      </object_component>
      <object_component id="oc-3f">
         <name>.int02</name>
         <load_address>0xffe4</load_address>
         <run_address>0xffe4</run_address>
         <size>0x2</size>
         <input_file_ref idref="fl-49"/>
      </object_component>
      <object_component id="oc-40">
         <name>.int03</name>
         <load_address>0xffe6</load_address>
         <run_address>0xffe6</run_address>
         <size>0x2</size>
         <input_file_ref idref="fl-4a"/>
      </object_component>
      <object_component id="oc-41">
         <name>.int05</name>
         <load_address>0xffea</load_address>
         <run_address>0xffea</run_address>
         <size>0x2</size>
         <input_file_ref idref="fl-4b"/>
      </object_component>
      <object_component id="oc-42">
         <name>.int06</name>
         <load_address>0xffec</load_address>
         <run_address>0xffec</run_address>
         <size>0x2</size>
         <input_file_ref idref="fl-4c"/>
      </object_component>
      <object_component id="oc-43">
         <name>.int07</name>
         <load_address>0xffee</load_address>
         <run_address>0xffee</run_address>
         <size>0x2</size>
         <input_file_ref idref="fl-4d"/>
      </object_component>
      <object_component id="oc-44">
         <name>.int08</name>
         <load_address>0xfff0</load_address>
         <run_address>0xfff0</run_address>
         <size>0x2</size>
         <input_file_ref idref="fl-4e"/>
      </object_component>
      <object_component id="oc-45">
         <name>.int09</name>
         <load_address>0xfff2</load_address>
         <run_address>0xfff2</run_address>
         <size>0x2</size>
         <input_file_ref idref="fl-4f"/>
      </object_component>
      <object_component id="oc-46">
         <name>.int10</name>
         <load_address>0xfff4</load_address>
         <run_address>0xfff4</run_address>
         <size>0x2</size>
         <input_file_ref idref="fl-50"/>
      </object_component>
      <object_component id="oc-47">
         <name>.int11</name>
         <load_address>0xfff6</load_address>
         <run_address>0xfff6</run_address>
         <size>0x2</size>
         <input_file_ref idref="fl-51"/>
      </object_component>
      <object_component id="oc-48">
         <name>.int12</name>
         <load_address>0xfff8</load_address>
         <run_address>0xfff8</run_address>
         <size>0x2</size>
         <input_file_ref idref="fl-52"/>
      </object_component>
      <object_component id="oc-49">
         <name>.int13</name>
         <load_address>0xfffa</load_address>
         <run_address>0xfffa</run_address>
         <size>0x2</size>
         <input_file_ref idref="fl-53"/>
      </object_component>
      <object_component id="oc-4a">
         <name>.int14</name>
         <load_address>0xfffc</load_address>
         <run_address>0xfffc</run_address>
         <size>0x2</size>
         <input_file_ref idref="fl-54"/>
      </object_component>
      <object_component id="oc-90">
         <name>.reset</name>
         <load_address>0xfffe</load_address>
         <run_address>0xfffe</run_address>
         <size>0x2</size>
         <input_file_ref idref="fl-33"/>
      </object_component>
      <object_component id="oc-19c">
         <name>.debug_info</name>
         <load_address>0x0</load_address>
         <run_address>0x0</run_address>
         <size>0x19e</size>
         <input_file_ref idref="fl-2"/>
      </object_component>
      <object_component id="oc-196">
         <name>.debug_info</name>
         <load_address>0x19e</load_address>
         <run_address>0x19e</run_address>
         <size>0x167</size>
         <input_file_ref idref="fl-2"/>
      </object_component>
      <object_component id="oc-12c">
         <name>.debug_info</name>
         <load_address>0x305</load_address>
         <run_address>0x305</run_address>
         <size>0x249</size>
         <input_file_ref idref="fl-2"/>
      </object_component>
      <object_component id="oc-132">
         <name>.debug_info</name>
         <load_address>0x54e</load_address>
         <run_address>0x54e</run_address>
         <size>0x338</size>
         <input_file_ref idref="fl-2"/>
      </object_component>
      <object_component id="oc-138">
         <name>.debug_info</name>
         <load_address>0x886</load_address>
         <run_address>0x886</run_address>
         <size>0x4ba</size>
         <input_file_ref idref="fl-2"/>
      </object_component>
      <object_component id="oc-126">
         <name>.debug_info</name>
         <load_address>0xd40</load_address>
         <run_address>0xd40</run_address>
         <size>0x397</size>
         <input_file_ref idref="fl-2"/>
      </object_component>
      <object_component id="oc-13e">
         <name>.debug_info</name>
         <load_address>0x10d7</load_address>
         <run_address>0x10d7</run_address>
         <size>0x183</size>
         <input_file_ref idref="fl-2"/>
      </object_component>
      <object_component id="oc-144">
         <name>.debug_info</name>
         <load_address>0x125a</load_address>
         <run_address>0x125a</run_address>
         <size>0x1c3</size>
         <input_file_ref idref="fl-2"/>
      </object_component>
      <object_component id="oc-14a">
         <name>.debug_info</name>
         <load_address>0x141d</load_address>
         <run_address>0x141d</run_address>
         <size>0x1c5</size>
         <input_file_ref idref="fl-2"/>
      </object_component>
      <object_component id="oc-156">
         <name>.debug_info</name>
         <load_address>0x15e2</load_address>
         <run_address>0x15e2</run_address>
         <size>0x1c3</size>
         <input_file_ref idref="fl-2"/>
      </object_component>
      <object_component id="oc-150">
         <name>.debug_info</name>
         <load_address>0x17a5</load_address>
         <run_address>0x17a5</run_address>
         <size>0x1e9</size>
         <input_file_ref idref="fl-2"/>
      </object_component>
      <object_component id="oc-15c">
         <name>.debug_info</name>
         <load_address>0x198e</load_address>
         <run_address>0x198e</run_address>
         <size>0x1cd</size>
         <input_file_ref idref="fl-2"/>
      </object_component>
      <object_component id="oc-162">
         <name>.debug_info</name>
         <load_address>0x1b5b</load_address>
         <run_address>0x1b5b</run_address>
         <size>0x1d7</size>
         <input_file_ref idref="fl-2"/>
      </object_component>
      <object_component id="oc-ed">
         <name>.debug_info</name>
         <load_address>0x1d32</load_address>
         <run_address>0x1d32</run_address>
         <size>0x84</size>
         <input_file_ref idref="fl-2"/>
      </object_component>
      <object_component id="oc-19d">
         <name>.debug_info</name>
         <load_address>0x1db6</load_address>
         <run_address>0x1db6</run_address>
         <size>0x2c</size>
         <input_file_ref idref="fl-2"/>
      </object_component>
      <object_component id="oc-168">
         <name>.debug_info</name>
         <load_address>0x1de2</load_address>
         <run_address>0x1de2</run_address>
         <size>0x516</size>
         <input_file_ref idref="fl-3"/>
      </object_component>
      <object_component id="oc-d8">
         <name>.debug_info</name>
         <load_address>0x22f8</load_address>
         <run_address>0x22f8</run_address>
         <size>0x15b3</size>
         <input_file_ref idref="fl-3"/>
      </object_component>
      <object_component id="oc-1fc">
         <name>.debug_info</name>
         <load_address>0x38ab</load_address>
         <run_address>0x38ab</run_address>
         <size>0x15f</size>
         <input_file_ref idref="fl-4"/>
      </object_component>
      <object_component id="oc-8e">
         <name>.debug_info</name>
         <load_address>0x3a0a</load_address>
         <run_address>0x3a0a</run_address>
         <size>0xd6</size>
         <input_file_ref idref="fl-33"/>
      </object_component>
      <object_component id="oc-82">
         <name>.debug_info</name>
         <load_address>0x3ae0</load_address>
         <run_address>0x3ae0</run_address>
         <size>0x174</size>
         <input_file_ref idref="fl-34"/>
      </object_component>
      <object_component id="oc-1fa">
         <name>.debug_info</name>
         <load_address>0x3c54</load_address>
         <run_address>0x3c54</run_address>
         <size>0x131</size>
         <input_file_ref idref="fl-38"/>
      </object_component>
      <object_component id="oc-18f">
         <name>.debug_info</name>
         <load_address>0x3d85</load_address>
         <run_address>0x3d85</run_address>
         <size>0x1ae</size>
         <input_file_ref idref="fl-38"/>
      </object_component>
      <object_component id="oc-1d3">
         <name>.debug_info</name>
         <load_address>0x3f33</load_address>
         <run_address>0x3f33</run_address>
         <size>0x112</size>
         <input_file_ref idref="fl-39"/>
      </object_component>
      <object_component id="oc-20e">
         <name>.debug_info</name>
         <load_address>0x4045</load_address>
         <run_address>0x4045</run_address>
         <size>0xfe</size>
         <input_file_ref idref="fl-3a"/>
      </object_component>
      <object_component id="oc-1d7">
         <name>.debug_info</name>
         <load_address>0x4143</load_address>
         <run_address>0x4143</run_address>
         <size>0x115</size>
         <input_file_ref idref="fl-3b"/>
      </object_component>
      <object_component id="oc-1a4">
         <name>.debug_info</name>
         <load_address>0x4258</load_address>
         <run_address>0x4258</run_address>
         <size>0x100</size>
         <input_file_ref idref="fl-3c"/>
      </object_component>
      <object_component id="oc-101">
         <name>.debug_info</name>
         <load_address>0x4358</load_address>
         <run_address>0x4358</run_address>
         <size>0x10b</size>
         <input_file_ref idref="fl-3d"/>
      </object_component>
      <object_component id="oc-e0">
         <name>.debug_info</name>
         <load_address>0x4463</load_address>
         <run_address>0x4463</run_address>
         <size>0xf8</size>
         <input_file_ref idref="fl-3e"/>
      </object_component>
      <object_component id="oc-1c8">
         <name>.debug_info</name>
         <load_address>0x455b</load_address>
         <run_address>0x455b</run_address>
         <size>0xfe</size>
         <input_file_ref idref="fl-40"/>
      </object_component>
      <object_component id="oc-1aa">
         <name>.debug_info</name>
         <load_address>0x4659</load_address>
         <run_address>0x4659</run_address>
         <size>0x10a</size>
         <input_file_ref idref="fl-41"/>
      </object_component>
      <object_component id="oc-1b4">
         <name>.debug_info</name>
         <load_address>0x4763</load_address>
         <run_address>0x4763</run_address>
         <size>0xfe</size>
         <input_file_ref idref="fl-42"/>
      </object_component>
      <object_component id="oc-1c3">
         <name>.debug_info</name>
         <load_address>0x4861</load_address>
         <run_address>0x4861</run_address>
         <size>0x109</size>
         <input_file_ref idref="fl-43"/>
      </object_component>
      <object_component id="oc-1b9">
         <name>.debug_info</name>
         <load_address>0x496a</load_address>
         <run_address>0x496a</run_address>
         <size>0xfe</size>
         <input_file_ref idref="fl-44"/>
      </object_component>
      <object_component id="oc-1af">
         <name>.debug_info</name>
         <load_address>0x4a68</load_address>
         <run_address>0x4a68</run_address>
         <size>0xfe</size>
         <input_file_ref idref="fl-45"/>
      </object_component>
      <object_component id="oc-1be">
         <name>.debug_info</name>
         <load_address>0x4b66</load_address>
         <run_address>0x4b66</run_address>
         <size>0x114</size>
         <input_file_ref idref="fl-46"/>
      </object_component>
      <object_component id="oc-1cd">
         <name>.debug_info</name>
         <load_address>0x4c7a</load_address>
         <run_address>0x4c7a</run_address>
         <size>0x101</size>
         <input_file_ref idref="fl-47"/>
      </object_component>
      <object_component id="oc-ac">
         <name>.debug_info</name>
         <load_address>0x4d7b</load_address>
         <run_address>0x4d7b</run_address>
         <size>0xec</size>
         <input_file_ref idref="fl-55"/>
      </object_component>
      <object_component id="oc-1f5">
         <name>.debug_info</name>
         <load_address>0x4e67</load_address>
         <run_address>0x4e67</run_address>
         <size>0xfd</size>
         <input_file_ref idref="fl-56"/>
      </object_component>
      <object_component id="oc-121">
         <name>.debug_info</name>
         <load_address>0x4f64</load_address>
         <run_address>0x4f64</run_address>
         <size>0xfd</size>
         <input_file_ref idref="fl-57"/>
      </object_component>
      <object_component id="oc-1eb">
         <name>.debug_info</name>
         <load_address>0x5061</load_address>
         <run_address>0x5061</run_address>
         <size>0x103</size>
         <input_file_ref idref="fl-57"/>
      </object_component>
      <object_component id="oc-1f0">
         <name>.debug_info</name>
         <load_address>0x5164</load_address>
         <run_address>0x5164</run_address>
         <size>0xfd</size>
         <input_file_ref idref="fl-58"/>
      </object_component>
      <object_component id="oc-b8">
         <name>.debug_info</name>
         <load_address>0x5261</load_address>
         <run_address>0x5261</run_address>
         <size>0x129</size>
         <input_file_ref idref="fl-5b"/>
      </object_component>
      <object_component id="oc-252">
         <name>.debug_info</name>
         <load_address>0x538a</load_address>
         <run_address>0x538a</run_address>
         <size>0xd4</size>
      </object_component>
      <object_component id="oc-203">
         <name>.debug_line</name>
         <load_address>0x0</load_address>
         <run_address>0x0</run_address>
         <size>0x34</size>
         <input_file_ref idref="fl-2"/>
      </object_component>
      <object_component id="oc-199">
         <name>.debug_line</name>
         <load_address>0x34</load_address>
         <run_address>0x34</run_address>
         <size>0x4b</size>
         <input_file_ref idref="fl-2"/>
      </object_component>
      <object_component id="oc-12f">
         <name>.debug_line</name>
         <load_address>0x7f</load_address>
         <run_address>0x7f</run_address>
         <size>0x9d</size>
         <input_file_ref idref="fl-2"/>
      </object_component>
      <object_component id="oc-135">
         <name>.debug_line</name>
         <load_address>0x11c</load_address>
         <run_address>0x11c</run_address>
         <size>0xb0</size>
         <input_file_ref idref="fl-2"/>
      </object_component>
      <object_component id="oc-13b">
         <name>.debug_line</name>
         <load_address>0x1cc</load_address>
         <run_address>0x1cc</run_address>
         <size>0xf9</size>
         <input_file_ref idref="fl-2"/>
      </object_component>
      <object_component id="oc-129">
         <name>.debug_line</name>
         <load_address>0x2c5</load_address>
         <run_address>0x2c5</run_address>
         <size>0x13a</size>
         <input_file_ref idref="fl-2"/>
      </object_component>
      <object_component id="oc-141">
         <name>.debug_line</name>
         <load_address>0x3ff</load_address>
         <run_address>0x3ff</run_address>
         <size>0x4e</size>
         <input_file_ref idref="fl-2"/>
      </object_component>
      <object_component id="oc-147">
         <name>.debug_line</name>
         <load_address>0x44d</load_address>
         <run_address>0x44d</run_address>
         <size>0x4f</size>
         <input_file_ref idref="fl-2"/>
      </object_component>
      <object_component id="oc-14d">
         <name>.debug_line</name>
         <load_address>0x49c</load_address>
         <run_address>0x49c</run_address>
         <size>0x4f</size>
         <input_file_ref idref="fl-2"/>
      </object_component>
      <object_component id="oc-159">
         <name>.debug_line</name>
         <load_address>0x4eb</load_address>
         <run_address>0x4eb</run_address>
         <size>0x4f</size>
         <input_file_ref idref="fl-2"/>
      </object_component>
      <object_component id="oc-153">
         <name>.debug_line</name>
         <load_address>0x53a</load_address>
         <run_address>0x53a</run_address>
         <size>0x4f</size>
         <input_file_ref idref="fl-2"/>
      </object_component>
      <object_component id="oc-15f">
         <name>.debug_line</name>
         <load_address>0x589</load_address>
         <run_address>0x589</run_address>
         <size>0x4f</size>
         <input_file_ref idref="fl-2"/>
      </object_component>
      <object_component id="oc-165">
         <name>.debug_line</name>
         <load_address>0x5d8</load_address>
         <run_address>0x5d8</run_address>
         <size>0x4f</size>
         <input_file_ref idref="fl-2"/>
      </object_component>
      <object_component id="oc-f0">
         <name>.debug_line</name>
         <load_address>0x627</load_address>
         <run_address>0x627</run_address>
         <size>0x20</size>
         <input_file_ref idref="fl-2"/>
      </object_component>
      <object_component id="oc-1a0">
         <name>.debug_line</name>
         <load_address>0x647</load_address>
         <run_address>0x647</run_address>
         <size>0x63</size>
         <input_file_ref idref="fl-2"/>
      </object_component>
      <object_component id="oc-1e4">
         <name>.debug_line</name>
         <load_address>0x6aa</load_address>
         <run_address>0x6aa</run_address>
         <size>0xb4</size>
         <input_file_ref idref="fl-3"/>
      </object_component>
      <object_component id="oc-db">
         <name>.debug_line</name>
         <load_address>0x75e</load_address>
         <run_address>0x75e</run_address>
         <size>0x274</size>
         <input_file_ref idref="fl-3"/>
      </object_component>
      <object_component id="oc-1ff">
         <name>.debug_line</name>
         <load_address>0x9d2</load_address>
         <run_address>0x9d2</run_address>
         <size>0x4a</size>
         <input_file_ref idref="fl-4"/>
      </object_component>
      <object_component id="oc-ec">
         <name>.debug_line</name>
         <load_address>0xa1c</load_address>
         <run_address>0xa1c</run_address>
         <size>0x2a</size>
         <input_file_ref idref="fl-33"/>
      </object_component>
      <object_component id="oc-85">
         <name>.debug_line</name>
         <load_address>0xa46</load_address>
         <run_address>0xa46</run_address>
         <size>0x47</size>
         <input_file_ref idref="fl-34"/>
      </object_component>
      <object_component id="oc-218">
         <name>.debug_line</name>
         <load_address>0xa8d</load_address>
         <run_address>0xa8d</run_address>
         <size>0x20</size>
         <input_file_ref idref="fl-38"/>
      </object_component>
      <object_component id="oc-192">
         <name>.debug_line</name>
         <load_address>0xaad</load_address>
         <run_address>0xaad</run_address>
         <size>0x6c</size>
         <input_file_ref idref="fl-38"/>
      </object_component>
      <object_component id="oc-1d2">
         <name>.debug_line</name>
         <load_address>0xb19</load_address>
         <run_address>0xb19</run_address>
         <size>0x4d</size>
         <input_file_ref idref="fl-39"/>
      </object_component>
      <object_component id="oc-211">
         <name>.debug_line</name>
         <load_address>0xb66</load_address>
         <run_address>0xb66</run_address>
         <size>0x43</size>
         <input_file_ref idref="fl-3a"/>
      </object_component>
      <object_component id="oc-1da">
         <name>.debug_line</name>
         <load_address>0xba9</load_address>
         <run_address>0xba9</run_address>
         <size>0x5a</size>
         <input_file_ref idref="fl-3b"/>
      </object_component>
      <object_component id="oc-1a7">
         <name>.debug_line</name>
         <load_address>0xc03</load_address>
         <run_address>0xc03</run_address>
         <size>0x64</size>
         <input_file_ref idref="fl-3c"/>
      </object_component>
      <object_component id="oc-104">
         <name>.debug_line</name>
         <load_address>0xc67</load_address>
         <run_address>0xc67</run_address>
         <size>0x40</size>
         <input_file_ref idref="fl-3d"/>
      </object_component>
      <object_component id="oc-e3">
         <name>.debug_line</name>
         <load_address>0xca7</load_address>
         <run_address>0xca7</run_address>
         <size>0x3a</size>
         <input_file_ref idref="fl-3e"/>
      </object_component>
      <object_component id="oc-1cb">
         <name>.debug_line</name>
         <load_address>0xce1</load_address>
         <run_address>0xce1</run_address>
         <size>0xba</size>
         <input_file_ref idref="fl-40"/>
      </object_component>
      <object_component id="oc-1ad">
         <name>.debug_line</name>
         <load_address>0xd9b</load_address>
         <run_address>0xd9b</run_address>
         <size>0x5e</size>
         <input_file_ref idref="fl-41"/>
      </object_component>
      <object_component id="oc-1b7">
         <name>.debug_line</name>
         <load_address>0xdf9</load_address>
         <run_address>0xdf9</run_address>
         <size>0x82</size>
         <input_file_ref idref="fl-42"/>
      </object_component>
      <object_component id="oc-1c6">
         <name>.debug_line</name>
         <load_address>0xe7b</load_address>
         <run_address>0xe7b</run_address>
         <size>0x5e</size>
         <input_file_ref idref="fl-43"/>
      </object_component>
      <object_component id="oc-1bc">
         <name>.debug_line</name>
         <load_address>0xed9</load_address>
         <run_address>0xed9</run_address>
         <size>0x93</size>
         <input_file_ref idref="fl-44"/>
      </object_component>
      <object_component id="oc-1b2">
         <name>.debug_line</name>
         <load_address>0xf6c</load_address>
         <run_address>0xf6c</run_address>
         <size>0x3f</size>
         <input_file_ref idref="fl-45"/>
      </object_component>
      <object_component id="oc-1c1">
         <name>.debug_line</name>
         <load_address>0xfab</load_address>
         <run_address>0xfab</run_address>
         <size>0x71</size>
         <input_file_ref idref="fl-46"/>
      </object_component>
      <object_component id="oc-1d0">
         <name>.debug_line</name>
         <load_address>0x101c</load_address>
         <run_address>0x101c</run_address>
         <size>0x4d</size>
         <input_file_ref idref="fl-47"/>
      </object_component>
      <object_component id="oc-af">
         <name>.debug_line</name>
         <load_address>0x1069</load_address>
         <run_address>0x1069</run_address>
         <size>0x3c</size>
         <input_file_ref idref="fl-55"/>
      </object_component>
      <object_component id="oc-1f8">
         <name>.debug_line</name>
         <load_address>0x10a5</load_address>
         <run_address>0x10a5</run_address>
         <size>0x4e</size>
         <input_file_ref idref="fl-56"/>
      </object_component>
      <object_component id="oc-124">
         <name>.debug_line</name>
         <load_address>0x10f3</load_address>
         <run_address>0x10f3</run_address>
         <size>0x3e</size>
         <input_file_ref idref="fl-57"/>
      </object_component>
      <object_component id="oc-1ee">
         <name>.debug_line</name>
         <load_address>0x1131</load_address>
         <run_address>0x1131</run_address>
         <size>0x56</size>
         <input_file_ref idref="fl-57"/>
      </object_component>
      <object_component id="oc-1f3">
         <name>.debug_line</name>
         <load_address>0x1187</load_address>
         <run_address>0x1187</run_address>
         <size>0x5e</size>
         <input_file_ref idref="fl-58"/>
      </object_component>
      <object_component id="oc-bb">
         <name>.debug_line</name>
         <load_address>0x11e5</load_address>
         <run_address>0x11e5</run_address>
         <size>0x3e</size>
         <input_file_ref idref="fl-5b"/>
      </object_component>
      <object_component id="oc-19a">
         <name>.debug_frame</name>
         <load_address>0x0</load_address>
         <run_address>0x0</run_address>
         <size>0x47</size>
         <input_file_ref idref="fl-2"/>
      </object_component>
      <object_component id="oc-130">
         <name>.debug_frame</name>
         <load_address>0x47</load_address>
         <run_address>0x47</run_address>
         <size>0x6b</size>
         <input_file_ref idref="fl-2"/>
      </object_component>
      <object_component id="oc-136">
         <name>.debug_frame</name>
         <load_address>0xb2</load_address>
         <run_address>0xb2</run_address>
         <size>0x8d</size>
         <input_file_ref idref="fl-2"/>
      </object_component>
      <object_component id="oc-13c">
         <name>.debug_frame</name>
         <load_address>0x13f</load_address>
         <run_address>0x13f</run_address>
         <size>0x8e</size>
         <input_file_ref idref="fl-2"/>
      </object_component>
      <object_component id="oc-12a">
         <name>.debug_frame</name>
         <load_address>0x1cd</load_address>
         <run_address>0x1cd</run_address>
         <size>0x7c</size>
         <input_file_ref idref="fl-2"/>
      </object_component>
      <object_component id="oc-142">
         <name>.debug_frame</name>
         <load_address>0x249</load_address>
         <run_address>0x249</run_address>
         <size>0x47</size>
         <input_file_ref idref="fl-2"/>
      </object_component>
      <object_component id="oc-148">
         <name>.debug_frame</name>
         <load_address>0x290</load_address>
         <run_address>0x290</run_address>
         <size>0x4d</size>
         <input_file_ref idref="fl-2"/>
      </object_component>
      <object_component id="oc-14e">
         <name>.debug_frame</name>
         <load_address>0x2dd</load_address>
         <run_address>0x2dd</run_address>
         <size>0x4d</size>
         <input_file_ref idref="fl-2"/>
      </object_component>
      <object_component id="oc-15a">
         <name>.debug_frame</name>
         <load_address>0x32a</load_address>
         <run_address>0x32a</run_address>
         <size>0x4d</size>
         <input_file_ref idref="fl-2"/>
      </object_component>
      <object_component id="oc-154">
         <name>.debug_frame</name>
         <load_address>0x377</load_address>
         <run_address>0x377</run_address>
         <size>0x4d</size>
         <input_file_ref idref="fl-2"/>
      </object_component>
      <object_component id="oc-160">
         <name>.debug_frame</name>
         <load_address>0x3c4</load_address>
         <run_address>0x3c4</run_address>
         <size>0x4d</size>
         <input_file_ref idref="fl-2"/>
      </object_component>
      <object_component id="oc-166">
         <name>.debug_frame</name>
         <load_address>0x411</load_address>
         <run_address>0x411</run_address>
         <size>0x4d</size>
         <input_file_ref idref="fl-2"/>
      </object_component>
      <object_component id="oc-dc">
         <name>.debug_frame</name>
         <load_address>0x45e</load_address>
         <run_address>0x45e</run_address>
         <size>0x6f</size>
         <input_file_ref idref="fl-3"/>
      </object_component>
      <object_component id="oc-200">
         <name>.debug_frame</name>
         <load_address>0x4cd</load_address>
         <run_address>0x4cd</run_address>
         <size>0x47</size>
         <input_file_ref idref="fl-4"/>
      </object_component>
      <object_component id="oc-86">
         <name>.debug_frame</name>
         <load_address>0x514</load_address>
         <run_address>0x514</run_address>
         <size>0x42</size>
         <input_file_ref idref="fl-34"/>
      </object_component>
      <object_component id="oc-193">
         <name>.debug_frame</name>
         <load_address>0x556</load_address>
         <run_address>0x556</run_address>
         <size>0x52</size>
         <input_file_ref idref="fl-38"/>
      </object_component>
      <object_component id="oc-e4">
         <name>.debug_frame</name>
         <load_address>0x5a8</load_address>
         <run_address>0x5a8</run_address>
         <size>0x47</size>
         <input_file_ref idref="fl-3e"/>
      </object_component>
      <object_component id="oc-bc">
         <name>.debug_frame</name>
         <load_address>0x5ef</load_address>
         <run_address>0x5ef</run_address>
         <size>0x47</size>
         <input_file_ref idref="fl-5b"/>
      </object_component>
      <object_component id="oc-202">
         <name>.debug_abbrev</name>
         <load_address>0x0</load_address>
         <run_address>0x0</run_address>
         <size>0x58</size>
         <input_file_ref idref="fl-2"/>
      </object_component>
      <object_component id="oc-201">
         <name>.debug_abbrev</name>
         <load_address>0x58</load_address>
         <run_address>0x58</run_address>
         <size>0x6c</size>
         <input_file_ref idref="fl-2"/>
      </object_component>
      <object_component id="oc-1a2">
         <name>.debug_abbrev</name>
         <load_address>0xc4</load_address>
         <run_address>0xc4</run_address>
         <size>0x7c</size>
         <input_file_ref idref="fl-2"/>
      </object_component>
      <object_component id="oc-1a8">
         <name>.debug_abbrev</name>
         <load_address>0x140</load_address>
         <run_address>0x140</run_address>
         <size>0x7c</size>
         <input_file_ref idref="fl-2"/>
      </object_component>
      <object_component id="oc-1db">
         <name>.debug_abbrev</name>
         <load_address>0x1bc</load_address>
         <run_address>0x1bc</run_address>
         <size>0x7c</size>
         <input_file_ref idref="fl-2"/>
      </object_component>
      <object_component id="oc-19b">
         <name>.debug_abbrev</name>
         <load_address>0x238</load_address>
         <run_address>0x238</run_address>
         <size>0x81</size>
         <input_file_ref idref="fl-2"/>
      </object_component>
      <object_component id="oc-1dc">
         <name>.debug_abbrev</name>
         <load_address>0x2b9</load_address>
         <run_address>0x2b9</run_address>
         <size>0x6e</size>
         <input_file_ref idref="fl-2"/>
      </object_component>
      <object_component id="oc-1dd">
         <name>.debug_abbrev</name>
         <load_address>0x327</load_address>
         <run_address>0x327</run_address>
         <size>0x7c</size>
         <input_file_ref idref="fl-2"/>
      </object_component>
      <object_component id="oc-1de">
         <name>.debug_abbrev</name>
         <load_address>0x3a3</load_address>
         <run_address>0x3a3</run_address>
         <size>0x7c</size>
         <input_file_ref idref="fl-2"/>
      </object_component>
      <object_component id="oc-1e0">
         <name>.debug_abbrev</name>
         <load_address>0x41f</load_address>
         <run_address>0x41f</run_address>
         <size>0x7c</size>
         <input_file_ref idref="fl-2"/>
      </object_component>
      <object_component id="oc-1df">
         <name>.debug_abbrev</name>
         <load_address>0x49b</load_address>
         <run_address>0x49b</run_address>
         <size>0x7c</size>
         <input_file_ref idref="fl-2"/>
      </object_component>
      <object_component id="oc-1e1">
         <name>.debug_abbrev</name>
         <load_address>0x517</load_address>
         <run_address>0x517</run_address>
         <size>0x7c</size>
         <input_file_ref idref="fl-2"/>
      </object_component>
      <object_component id="oc-1e2">
         <name>.debug_abbrev</name>
         <load_address>0x593</load_address>
         <run_address>0x593</run_address>
         <size>0x7c</size>
         <input_file_ref idref="fl-2"/>
      </object_component>
      <object_component id="oc-ef">
         <name>.debug_abbrev</name>
         <load_address>0x60f</load_address>
         <run_address>0x60f</run_address>
         <size>0x1f</size>
         <input_file_ref idref="fl-2"/>
      </object_component>
      <object_component id="oc-19f">
         <name>.debug_abbrev</name>
         <load_address>0x62e</load_address>
         <run_address>0x62e</run_address>
         <size>0x24</size>
         <input_file_ref idref="fl-2"/>
      </object_component>
      <object_component id="oc-1e3">
         <name>.debug_abbrev</name>
         <load_address>0x652</load_address>
         <run_address>0x652</run_address>
         <size>0x97</size>
         <input_file_ref idref="fl-3"/>
      </object_component>
      <object_component id="oc-167">
         <name>.debug_abbrev</name>
         <load_address>0x6e9</load_address>
         <run_address>0x6e9</run_address>
         <size>0x60</size>
         <input_file_ref idref="fl-3"/>
      </object_component>
      <object_component id="oc-219">
         <name>.debug_abbrev</name>
         <load_address>0x749</load_address>
         <run_address>0x749</run_address>
         <size>0x6c</size>
         <input_file_ref idref="fl-4"/>
      </object_component>
      <object_component id="oc-eb">
         <name>.debug_abbrev</name>
         <load_address>0x7b5</load_address>
         <run_address>0x7b5</run_address>
         <size>0x29</size>
         <input_file_ref idref="fl-33"/>
      </object_component>
      <object_component id="oc-e9">
         <name>.debug_abbrev</name>
         <load_address>0x7de</load_address>
         <run_address>0x7de</run_address>
         <size>0x58</size>
         <input_file_ref idref="fl-34"/>
      </object_component>
      <object_component id="oc-217">
         <name>.debug_abbrev</name>
         <load_address>0x836</load_address>
         <run_address>0x836</run_address>
         <size>0x25</size>
         <input_file_ref idref="fl-38"/>
      </object_component>
      <object_component id="oc-1f9">
         <name>.debug_abbrev</name>
         <load_address>0x85b</load_address>
         <run_address>0x85b</run_address>
         <size>0x7f</size>
         <input_file_ref idref="fl-38"/>
      </object_component>
      <object_component id="oc-212">
         <name>.debug_abbrev</name>
         <load_address>0x8da</load_address>
         <run_address>0x8da</run_address>
         <size>0x4a</size>
         <input_file_ref idref="fl-39"/>
      </object_component>
      <object_component id="oc-21a">
         <name>.debug_abbrev</name>
         <load_address>0x924</load_address>
         <run_address>0x924</run_address>
         <size>0x3c</size>
         <input_file_ref idref="fl-3a"/>
      </object_component>
      <object_component id="oc-213">
         <name>.debug_abbrev</name>
         <load_address>0x960</load_address>
         <run_address>0x960</run_address>
         <size>0x4a</size>
         <input_file_ref idref="fl-3b"/>
      </object_component>
      <object_component id="oc-204">
         <name>.debug_abbrev</name>
         <load_address>0x9aa</load_address>
         <run_address>0x9aa</run_address>
         <size>0x3c</size>
         <input_file_ref idref="fl-3c"/>
      </object_component>
      <object_component id="oc-16c">
         <name>.debug_abbrev</name>
         <load_address>0x9e6</load_address>
         <run_address>0x9e6</run_address>
         <size>0x3a</size>
         <input_file_ref idref="fl-3d"/>
      </object_component>
      <object_component id="oc-169">
         <name>.debug_abbrev</name>
         <load_address>0xa20</load_address>
         <run_address>0xa20</run_address>
         <size>0x45</size>
         <input_file_ref idref="fl-3e"/>
      </object_component>
      <object_component id="oc-20b">
         <name>.debug_abbrev</name>
         <load_address>0xa65</load_address>
         <run_address>0xa65</run_address>
         <size>0x3c</size>
         <input_file_ref idref="fl-40"/>
      </object_component>
      <object_component id="oc-205">
         <name>.debug_abbrev</name>
         <load_address>0xaa1</load_address>
         <run_address>0xaa1</run_address>
         <size>0x3c</size>
         <input_file_ref idref="fl-41"/>
      </object_component>
      <object_component id="oc-207">
         <name>.debug_abbrev</name>
         <load_address>0xadd</load_address>
         <run_address>0xadd</run_address>
         <size>0x3c</size>
         <input_file_ref idref="fl-42"/>
      </object_component>
      <object_component id="oc-20a">
         <name>.debug_abbrev</name>
         <load_address>0xb19</load_address>
         <run_address>0xb19</run_address>
         <size>0x3c</size>
         <input_file_ref idref="fl-43"/>
      </object_component>
      <object_component id="oc-208">
         <name>.debug_abbrev</name>
         <load_address>0xb55</load_address>
         <run_address>0xb55</run_address>
         <size>0x3c</size>
         <input_file_ref idref="fl-44"/>
      </object_component>
      <object_component id="oc-206">
         <name>.debug_abbrev</name>
         <load_address>0xb91</load_address>
         <run_address>0xb91</run_address>
         <size>0x3c</size>
         <input_file_ref idref="fl-45"/>
      </object_component>
      <object_component id="oc-209">
         <name>.debug_abbrev</name>
         <load_address>0xbcd</load_address>
         <run_address>0xbcd</run_address>
         <size>0x3c</size>
         <input_file_ref idref="fl-46"/>
      </object_component>
      <object_component id="oc-20c">
         <name>.debug_abbrev</name>
         <load_address>0xc09</load_address>
         <run_address>0xc09</run_address>
         <size>0x3c</size>
         <input_file_ref idref="fl-47"/>
      </object_component>
      <object_component id="oc-108">
         <name>.debug_abbrev</name>
         <load_address>0xc45</load_address>
         <run_address>0xc45</run_address>
         <size>0x28</size>
         <input_file_ref idref="fl-55"/>
      </object_component>
      <object_component id="oc-216">
         <name>.debug_abbrev</name>
         <load_address>0xc6d</load_address>
         <run_address>0xc6d</run_address>
         <size>0x3c</size>
         <input_file_ref idref="fl-56"/>
      </object_component>
      <object_component id="oc-18d">
         <name>.debug_abbrev</name>
         <load_address>0xca9</load_address>
         <run_address>0xca9</run_address>
         <size>0x3c</size>
         <input_file_ref idref="fl-57"/>
      </object_component>
      <object_component id="oc-214">
         <name>.debug_abbrev</name>
         <load_address>0xce5</load_address>
         <run_address>0xce5</run_address>
         <size>0x3c</size>
         <input_file_ref idref="fl-57"/>
      </object_component>
      <object_component id="oc-215">
         <name>.debug_abbrev</name>
         <load_address>0xd21</load_address>
         <run_address>0xd21</run_address>
         <size>0x3c</size>
         <input_file_ref idref="fl-58"/>
      </object_component>
      <object_component id="oc-10b">
         <name>.debug_abbrev</name>
         <load_address>0xd5d</load_address>
         <run_address>0xd5d</run_address>
         <size>0x55</size>
         <input_file_ref idref="fl-5b"/>
      </object_component>
      <object_component id="oc-253">
         <name>.debug_abbrev</name>
         <load_address>0xdb2</load_address>
         <run_address>0xdb2</run_address>
         <size>0xf</size>
      </object_component>
      <object_component id="oc-f1">
         <name>.debug_str</name>
         <load_address>0x0</load_address>
         <run_address>0x0</run_address>
         <size>0xf5</size>
         <input_file_ref idref="fl-2"/>
      </object_component>
      <object_component id="oc-1a1">
         <name>.debug_str</name>
         <load_address>0xf5</load_address>
         <run_address>0xf5</run_address>
         <size>0x109</size>
         <input_file_ref idref="fl-2"/>
      </object_component>
      <object_component id="oc-197">
         <name>.debug_aranges</name>
         <load_address>0x0</load_address>
         <run_address>0x0</run_address>
         <size>0x20</size>
         <input_file_ref idref="fl-2"/>
      </object_component>
      <object_component id="oc-12d">
         <name>.debug_aranges</name>
         <load_address>0x20</load_address>
         <run_address>0x20</run_address>
         <size>0x20</size>
         <input_file_ref idref="fl-2"/>
      </object_component>
      <object_component id="oc-133">
         <name>.debug_aranges</name>
         <load_address>0x40</load_address>
         <run_address>0x40</run_address>
         <size>0x20</size>
         <input_file_ref idref="fl-2"/>
      </object_component>
      <object_component id="oc-139">
         <name>.debug_aranges</name>
         <load_address>0x60</load_address>
         <run_address>0x60</run_address>
         <size>0x20</size>
         <input_file_ref idref="fl-2"/>
      </object_component>
      <object_component id="oc-127">
         <name>.debug_aranges</name>
         <load_address>0x80</load_address>
         <run_address>0x80</run_address>
         <size>0x20</size>
         <input_file_ref idref="fl-2"/>
      </object_component>
      <object_component id="oc-13f">
         <name>.debug_aranges</name>
         <load_address>0xa0</load_address>
         <run_address>0xa0</run_address>
         <size>0x20</size>
         <input_file_ref idref="fl-2"/>
      </object_component>
      <object_component id="oc-145">
         <name>.debug_aranges</name>
         <load_address>0xc0</load_address>
         <run_address>0xc0</run_address>
         <size>0x20</size>
         <input_file_ref idref="fl-2"/>
      </object_component>
      <object_component id="oc-14b">
         <name>.debug_aranges</name>
         <load_address>0xe0</load_address>
         <run_address>0xe0</run_address>
         <size>0x20</size>
         <input_file_ref idref="fl-2"/>
      </object_component>
      <object_component id="oc-157">
         <name>.debug_aranges</name>
         <load_address>0x100</load_address>
         <run_address>0x100</run_address>
         <size>0x20</size>
         <input_file_ref idref="fl-2"/>
      </object_component>
      <object_component id="oc-151">
         <name>.debug_aranges</name>
         <load_address>0x120</load_address>
         <run_address>0x120</run_address>
         <size>0x20</size>
         <input_file_ref idref="fl-2"/>
      </object_component>
      <object_component id="oc-15d">
         <name>.debug_aranges</name>
         <load_address>0x140</load_address>
         <run_address>0x140</run_address>
         <size>0x20</size>
         <input_file_ref idref="fl-2"/>
      </object_component>
      <object_component id="oc-163">
         <name>.debug_aranges</name>
         <load_address>0x160</load_address>
         <run_address>0x160</run_address>
         <size>0x20</size>
         <input_file_ref idref="fl-2"/>
      </object_component>
      <object_component id="oc-d9">
         <name>.debug_aranges</name>
         <load_address>0x180</load_address>
         <run_address>0x180</run_address>
         <size>0x20</size>
         <input_file_ref idref="fl-3"/>
      </object_component>
      <object_component id="oc-1fd">
         <name>.debug_aranges</name>
         <load_address>0x1a0</load_address>
         <run_address>0x1a0</run_address>
         <size>0x20</size>
         <input_file_ref idref="fl-4"/>
      </object_component>
      <object_component id="oc-83">
         <name>.debug_aranges</name>
         <load_address>0x1c0</load_address>
         <run_address>0x1c0</run_address>
         <size>0x20</size>
         <input_file_ref idref="fl-34"/>
      </object_component>
      <object_component id="oc-190">
         <name>.debug_aranges</name>
         <load_address>0x1e0</load_address>
         <run_address>0x1e0</run_address>
         <size>0x20</size>
         <input_file_ref idref="fl-38"/>
      </object_component>
      <object_component id="oc-1d4">
         <name>.debug_aranges</name>
         <load_address>0x200</load_address>
         <run_address>0x200</run_address>
         <size>0x20</size>
         <input_file_ref idref="fl-39"/>
      </object_component>
      <object_component id="oc-20f">
         <name>.debug_aranges</name>
         <load_address>0x220</load_address>
         <run_address>0x220</run_address>
         <size>0x20</size>
         <input_file_ref idref="fl-3a"/>
      </object_component>
      <object_component id="oc-1d8">
         <name>.debug_aranges</name>
         <load_address>0x240</load_address>
         <run_address>0x240</run_address>
         <size>0x20</size>
         <input_file_ref idref="fl-3b"/>
      </object_component>
      <object_component id="oc-1a5">
         <name>.debug_aranges</name>
         <load_address>0x260</load_address>
         <run_address>0x260</run_address>
         <size>0x20</size>
         <input_file_ref idref="fl-3c"/>
      </object_component>
      <object_component id="oc-102">
         <name>.debug_aranges</name>
         <load_address>0x280</load_address>
         <run_address>0x280</run_address>
         <size>0x20</size>
         <input_file_ref idref="fl-3d"/>
      </object_component>
      <object_component id="oc-e1">
         <name>.debug_aranges</name>
         <load_address>0x2a0</load_address>
         <run_address>0x2a0</run_address>
         <size>0x20</size>
         <input_file_ref idref="fl-3e"/>
      </object_component>
      <object_component id="oc-1c9">
         <name>.debug_aranges</name>
         <load_address>0x2c0</load_address>
         <run_address>0x2c0</run_address>
         <size>0x20</size>
         <input_file_ref idref="fl-40"/>
      </object_component>
      <object_component id="oc-1ab">
         <name>.debug_aranges</name>
         <load_address>0x2e0</load_address>
         <run_address>0x2e0</run_address>
         <size>0x20</size>
         <input_file_ref idref="fl-41"/>
      </object_component>
      <object_component id="oc-1b5">
         <name>.debug_aranges</name>
         <load_address>0x300</load_address>
         <run_address>0x300</run_address>
         <size>0x20</size>
         <input_file_ref idref="fl-42"/>
      </object_component>
      <object_component id="oc-1c4">
         <name>.debug_aranges</name>
         <load_address>0x320</load_address>
         <run_address>0x320</run_address>
         <size>0x20</size>
         <input_file_ref idref="fl-43"/>
      </object_component>
      <object_component id="oc-1ba">
         <name>.debug_aranges</name>
         <load_address>0x340</load_address>
         <run_address>0x340</run_address>
         <size>0x20</size>
         <input_file_ref idref="fl-44"/>
      </object_component>
      <object_component id="oc-1b0">
         <name>.debug_aranges</name>
         <load_address>0x360</load_address>
         <run_address>0x360</run_address>
         <size>0x20</size>
         <input_file_ref idref="fl-45"/>
      </object_component>
      <object_component id="oc-1bf">
         <name>.debug_aranges</name>
         <load_address>0x380</load_address>
         <run_address>0x380</run_address>
         <size>0x20</size>
         <input_file_ref idref="fl-46"/>
      </object_component>
      <object_component id="oc-1ce">
         <name>.debug_aranges</name>
         <load_address>0x3a0</load_address>
         <run_address>0x3a0</run_address>
         <size>0x20</size>
         <input_file_ref idref="fl-47"/>
      </object_component>
      <object_component id="oc-ad">
         <name>.debug_aranges</name>
         <load_address>0x3c0</load_address>
         <run_address>0x3c0</run_address>
         <size>0x20</size>
         <input_file_ref idref="fl-55"/>
      </object_component>
      <object_component id="oc-1f6">
         <name>.debug_aranges</name>
         <load_address>0x3e0</load_address>
         <run_address>0x3e0</run_address>
         <size>0x20</size>
         <input_file_ref idref="fl-56"/>
      </object_component>
      <object_component id="oc-122">
         <name>.debug_aranges</name>
         <load_address>0x400</load_address>
         <run_address>0x400</run_address>
         <size>0x20</size>
         <input_file_ref idref="fl-57"/>
      </object_component>
      <object_component id="oc-1ec">
         <name>.debug_aranges</name>
         <load_address>0x420</load_address>
         <run_address>0x420</run_address>
         <size>0x20</size>
         <input_file_ref idref="fl-57"/>
      </object_component>
      <object_component id="oc-1f1">
         <name>.debug_aranges</name>
         <load_address>0x440</load_address>
         <run_address>0x440</run_address>
         <size>0x20</size>
         <input_file_ref idref="fl-58"/>
      </object_component>
      <object_component id="oc-b9">
         <name>.debug_aranges</name>
         <load_address>0x460</load_address>
         <run_address>0x460</run_address>
         <size>0x20</size>
         <input_file_ref idref="fl-5b"/>
      </object_component>
      <object_component id="oc-198">
         <name>.debug_pubnames</name>
         <load_address>0x0</load_address>
         <run_address>0x0</run_address>
         <size>0x1e</size>
         <input_file_ref idref="fl-2"/>
      </object_component>
      <object_component id="oc-12e">
         <name>.debug_pubnames</name>
         <load_address>0x1e</load_address>
         <run_address>0x1e</run_address>
         <size>0x26</size>
         <input_file_ref idref="fl-2"/>
      </object_component>
      <object_component id="oc-134">
         <name>.debug_pubnames</name>
         <load_address>0x44</load_address>
         <run_address>0x44</run_address>
         <size>0x24</size>
         <input_file_ref idref="fl-2"/>
      </object_component>
      <object_component id="oc-13a">
         <name>.debug_pubnames</name>
         <load_address>0x68</load_address>
         <run_address>0x68</run_address>
         <size>0x24</size>
         <input_file_ref idref="fl-2"/>
      </object_component>
      <object_component id="oc-128">
         <name>.debug_pubnames</name>
         <load_address>0x8c</load_address>
         <run_address>0x8c</run_address>
         <size>0x26</size>
         <input_file_ref idref="fl-2"/>
      </object_component>
      <object_component id="oc-140">
         <name>.debug_pubnames</name>
         <load_address>0xb2</load_address>
         <run_address>0xb2</run_address>
         <size>0x23</size>
         <input_file_ref idref="fl-2"/>
      </object_component>
      <object_component id="oc-146">
         <name>.debug_pubnames</name>
         <load_address>0xd5</load_address>
         <run_address>0xd5</run_address>
         <size>0x21</size>
         <input_file_ref idref="fl-2"/>
      </object_component>
      <object_component id="oc-14c">
         <name>.debug_pubnames</name>
         <load_address>0xf6</load_address>
         <run_address>0xf6</run_address>
         <size>0x22</size>
         <input_file_ref idref="fl-2"/>
      </object_component>
      <object_component id="oc-158">
         <name>.debug_pubnames</name>
         <load_address>0x118</load_address>
         <run_address>0x118</run_address>
         <size>0x21</size>
         <input_file_ref idref="fl-2"/>
      </object_component>
      <object_component id="oc-152">
         <name>.debug_pubnames</name>
         <load_address>0x139</load_address>
         <run_address>0x139</run_address>
         <size>0x23</size>
         <input_file_ref idref="fl-2"/>
      </object_component>
      <object_component id="oc-15e">
         <name>.debug_pubnames</name>
         <load_address>0x15c</load_address>
         <run_address>0x15c</run_address>
         <size>0x22</size>
         <input_file_ref idref="fl-2"/>
      </object_component>
      <object_component id="oc-164">
         <name>.debug_pubnames</name>
         <load_address>0x17e</load_address>
         <run_address>0x17e</run_address>
         <size>0x27</size>
         <input_file_ref idref="fl-2"/>
      </object_component>
      <object_component id="oc-da">
         <name>.debug_pubnames</name>
         <load_address>0x1a5</load_address>
         <run_address>0x1a5</run_address>
         <size>0x1b</size>
         <input_file_ref idref="fl-3"/>
      </object_component>
      <object_component id="oc-1fe">
         <name>.debug_pubnames</name>
         <load_address>0x1c0</load_address>
         <run_address>0x1c0</run_address>
         <size>0x1f</size>
         <input_file_ref idref="fl-4"/>
      </object_component>
      <object_component id="oc-8f">
         <name>.debug_pubnames</name>
         <load_address>0x1df</load_address>
         <run_address>0x1df</run_address>
         <size>0x1d</size>
         <input_file_ref idref="fl-33"/>
      </object_component>
      <object_component id="oc-84">
         <name>.debug_pubnames</name>
         <load_address>0x1fc</load_address>
         <run_address>0x1fc</run_address>
         <size>0x34</size>
         <input_file_ref idref="fl-34"/>
      </object_component>
      <object_component id="oc-191">
         <name>.debug_pubnames</name>
         <load_address>0x230</load_address>
         <run_address>0x230</run_address>
         <size>0x25</size>
         <input_file_ref idref="fl-38"/>
      </object_component>
      <object_component id="oc-1d5">
         <name>.debug_pubnames</name>
         <load_address>0x255</load_address>
         <run_address>0x255</run_address>
         <size>0x24</size>
         <input_file_ref idref="fl-39"/>
      </object_component>
      <object_component id="oc-210">
         <name>.debug_pubnames</name>
         <load_address>0x279</load_address>
         <run_address>0x279</run_address>
         <size>0x24</size>
         <input_file_ref idref="fl-3a"/>
      </object_component>
      <object_component id="oc-1d9">
         <name>.debug_pubnames</name>
         <load_address>0x29d</load_address>
         <run_address>0x29d</run_address>
         <size>0x25</size>
         <input_file_ref idref="fl-3b"/>
      </object_component>
      <object_component id="oc-1a6">
         <name>.debug_pubnames</name>
         <load_address>0x2c2</load_address>
         <run_address>0x2c2</run_address>
         <size>0x25</size>
         <input_file_ref idref="fl-3c"/>
      </object_component>
      <object_component id="oc-103">
         <name>.debug_pubnames</name>
         <load_address>0x2e7</load_address>
         <run_address>0x2e7</run_address>
         <size>0x2b</size>
         <input_file_ref idref="fl-3d"/>
      </object_component>
      <object_component id="oc-e2">
         <name>.debug_pubnames</name>
         <load_address>0x312</load_address>
         <run_address>0x312</run_address>
         <size>0x1c</size>
         <input_file_ref idref="fl-3e"/>
      </object_component>
      <object_component id="oc-1ca">
         <name>.debug_pubnames</name>
         <load_address>0x32e</load_address>
         <run_address>0x32e</run_address>
         <size>0x24</size>
         <input_file_ref idref="fl-40"/>
      </object_component>
      <object_component id="oc-1ac">
         <name>.debug_pubnames</name>
         <load_address>0x352</load_address>
         <run_address>0x352</run_address>
         <size>0x24</size>
         <input_file_ref idref="fl-41"/>
      </object_component>
      <object_component id="oc-1b6">
         <name>.debug_pubnames</name>
         <load_address>0x376</load_address>
         <run_address>0x376</run_address>
         <size>0x24</size>
         <input_file_ref idref="fl-42"/>
      </object_component>
      <object_component id="oc-1c5">
         <name>.debug_pubnames</name>
         <load_address>0x39a</load_address>
         <run_address>0x39a</run_address>
         <size>0x26</size>
         <input_file_ref idref="fl-43"/>
      </object_component>
      <object_component id="oc-1bb">
         <name>.debug_pubnames</name>
         <load_address>0x3c0</load_address>
         <run_address>0x3c0</run_address>
         <size>0x24</size>
         <input_file_ref idref="fl-44"/>
      </object_component>
      <object_component id="oc-1b1">
         <name>.debug_pubnames</name>
         <load_address>0x3e4</load_address>
         <run_address>0x3e4</run_address>
         <size>0x24</size>
         <input_file_ref idref="fl-45"/>
      </object_component>
      <object_component id="oc-1c0">
         <name>.debug_pubnames</name>
         <load_address>0x408</load_address>
         <run_address>0x408</run_address>
         <size>0x26</size>
         <input_file_ref idref="fl-46"/>
      </object_component>
      <object_component id="oc-1cf">
         <name>.debug_pubnames</name>
         <load_address>0x42e</load_address>
         <run_address>0x42e</run_address>
         <size>0x25</size>
         <input_file_ref idref="fl-47"/>
      </object_component>
      <object_component id="oc-ae">
         <name>.debug_pubnames</name>
         <load_address>0x453</load_address>
         <run_address>0x453</run_address>
         <size>0x2b</size>
         <input_file_ref idref="fl-55"/>
      </object_component>
      <object_component id="oc-1f7">
         <name>.debug_pubnames</name>
         <load_address>0x47e</load_address>
         <run_address>0x47e</run_address>
         <size>0x24</size>
         <input_file_ref idref="fl-56"/>
      </object_component>
      <object_component id="oc-123">
         <name>.debug_pubnames</name>
         <load_address>0x4a2</load_address>
         <run_address>0x4a2</run_address>
         <size>0x24</size>
         <input_file_ref idref="fl-57"/>
      </object_component>
      <object_component id="oc-1ed">
         <name>.debug_pubnames</name>
         <load_address>0x4c6</load_address>
         <run_address>0x4c6</run_address>
         <size>0x27</size>
         <input_file_ref idref="fl-57"/>
      </object_component>
      <object_component id="oc-1f2">
         <name>.debug_pubnames</name>
         <load_address>0x4ed</load_address>
         <run_address>0x4ed</run_address>
         <size>0x24</size>
         <input_file_ref idref="fl-58"/>
      </object_component>
      <object_component id="oc-ba">
         <name>.debug_pubnames</name>
[...]
         <value>0x69</value>
      </symbol>
      <symbol id="sm-4d">
         <name>UCB0BR0</name>
         <value>0x6a</value>
      </symbol>
      <symbol id="sm-4e">
         <name>UCB0BR1</name>
         <value>0x6b</value>
      </symbol>
      <symbol id="sm-4f">
         <name>UCB0I2CIE</name>
         <value>0x6c</value>
      </symbol>
      <symbol id="sm-50">
         <name>UCB0STAT</name>
         <value>0x6d</value>
      </symbol>
      <symbol id="sm-51">
         <name>UCB0RXBUF</name>
         <value>0x6e</value>
      </symbol>
      <symbol id="sm-52">
         <name>UCB0TXBUF</name>
         <value>0x6f</value>
      </symbol>
      <symbol id="sm-53">
         <name>UCB0I2COA</name>
         <value>0x118</value>
      </symbol>
      <symbol id="sm-54">
         <name>UCB0I2CSA</name>
         <value>0x11a</value>
      </symbol>
      <symbol id="sm-55">
         <name>WDTCTL</name>
         <value>0x120</value>
      </symbol>
      <symbol id="sm-56">
         <name>CALDCO_16MHZ</name>
         <value>0x10f8</value>
      </symbol>
      <symbol id="sm-57">
         <name>CALBC1_16MHZ</name>
         <value>0x10f9</value>
      </symbol>
      <symbol id="sm-58">
         <name>CALDCO_12MHZ</name>
         <value>0x10fa</value>
      </symbol>
      <symbol id="sm-59">
         <name>CALBC1_12MHZ</name>
         <value>0x10fb</value>
      </symbol>
      <symbol id="sm-5a">
         <name>CALDCO_8MHZ</name>
         <value>0x10fc</value>
      </symbol>
      <symbol id="sm-5b">
         <name>CALBC1_8MHZ</name>
         <value>0x10fd</value>
      </symbol>
      <symbol id="sm-5c">
         <name>CALDCO_1MHZ</name>
         <value>0x10fe</value>
      </symbol>
      <symbol id="sm-5d">
         <name>CALBC1_1MHZ</name>
         <value>0x10ff</value>
      </symbol>
      <symbol id="sm-5e">
         <name>TLV_CHECKSUM</name>
         <value>0x10c0</value>
      </symbol>
      <symbol id="sm-5f">
         <name>TLV_DCO_30_TAG</name>
         <value>0x10f6</value>
      </symbol>
      <symbol id="sm-60">
         <name>TLV_DCO_30_LEN</name>
         <value>0x10f7</value>
      </symbol>
      <symbol id="sm-61">
         <name>TLV_ADC10_1_TAG</name>
         <value>0x10da</value>
      </symbol>
      <symbol id="sm-62">
         <name>TLV_ADC10_1_LEN</name>
         <value>0x10db</value>
      </symbol>
      <symbol id="sm-63">
         <name>binit</name>
         <value>0xffffffff</value>
      </symbol>
      <symbol id="sm-64">
         <name>__binit__</name>
         <value>0xffffffff</value>
      </symbol>
      <symbol id="sm-65">
         <name>__STACK_SIZE</name>
         <value>0x50</value>
      </symbol>
      <symbol id="sm-66">
         <name>__STACK_END</name>
         <value>0x400</value>
      </symbol>
      <symbol id="sm-67">
         <name>__c_args__</name>
         <value>0xffffffff</value>
      </symbol>
      <symbol id="sm-140">
         <name>print_scientific</name>
         <value>0xdec6</value>
         <object_component_ref idref="oc-161"/>
      </symbol>
      <symbol id="sm-141">
         <name>print_ulong</name>
         <value>0xde0e</value>
         <object_component_ref idref="oc-149"/>
      </symbol>
      <symbol id="sm-142">
         <name>print_binary</name>
         <value>0xddd6</value>
         <object_component_ref idref="oc-14f"/>
      </symbol>
      <symbol id="sm-143">
         <name>print_hexa</name>
         <value>0xdd62</value>
         <object_component_ref idref="oc-155"/>
      </symbol>
      <symbol id="sm-144">
         <name>print_float</name>
         <value>0xde9e</value>
         <object_component_ref idref="oc-15b"/>
      </symbol>
      <symbol id="sm-145">
         <name>embedded_prints</name>
         <value>0xdb32</value>
         <object_component_ref idref="oc-12b"/>
      </symbol>
      <symbol id="sm-146">
         <name>embedded_printf</name>
         <value>0xd124</value>
         <object_component_ref idref="oc-125"/>
      </symbol>
      <symbol id="sm-147">
         <name>print_string</name>
         <value>0xdf66</value>
         <object_component_ref idref="oc-13d"/>
      </symbol>
      <symbol id="sm-148">
         <name>print_long</name>
         <value>0xdd9c</value>
         <object_component_ref idref="oc-143"/>
      </symbol>
      <symbol id="sm-149">
         <name>putChar</name>
         <value>0xdf80</value>
         <object_component_ref idref="oc-195"/>
      </symbol>
      <symbol id="sm-14a">
         <name>embedded_ltoa</name>
         <value>0xd66c</value>
         <object_component_ref idref="oc-131"/>
      </symbol>
      <symbol id="sm-14b">
         <name>embedded_ftoa</name>
         <value>0xd3ec</value>
         <object_component_ref idref="oc-137"/>
      </symbol>
      <symbol id="sm-1a0">
         <name>main</name>
         <value>0xc000</value>
         <object_component_ref idref="oc-d7"/>
      </symbol>
      <symbol id="sm-1aa">
         <name>sendbyte</name>
         <value>0xdf5a</value>
         <object_component_ref idref="oc-1fb"/>
      </symbol>
      <symbol id="sm-1b4">
         <name>_stack</name>
         <value>0x3b0</value>
         <object_component_ref idref="oc-8d"/>
      </symbol>
      <symbol id="sm-1b5">
         <name>_reset_vector</name>
         <value>0xfffe</value>
         <object_component_ref idref="oc-90"/>
      </symbol>
      <symbol id="sm-1bf">
         <name>_c_int00_noinit_noargs_noexit</name>
         <value>0xdf28</value>
         <object_component_ref idref="oc-81"/>
      </symbol>
      <symbol id="sm-1d5">
         <name>__mspabi_cvtdf</name>
         <value>0xda28</value>
         <object_component_ref idref="oc-18e"/>
      </symbol>
      <symbol id="sm-1e1">
         <name>__mspabi_remi</name>
         <value>0xde46</value>
         <object_component_ref idref="oc-1d1"/>
      </symbol>
      <symbol id="sm-1e2">
         <name>__mspabi_divi</name>
         <value>0xde46</value>
         <object_component_ref idref="oc-1d1"/>
      </symbol>
      <symbol id="sm-1ec">
         <name>__mspabi_remu</name>
         <value>0xdf12</value>
         <object_component_ref idref="oc-20d"/>
      </symbol>
      <symbol id="sm-1ed">
         <name>__mspabi_divu</name>
         <value>0xdf12</value>
         <object_component_ref idref="oc-20d"/>
      </symbol>
      <symbol id="sm-1fa">
         <name>__mspabi_remli</name>
         <value>0xdce4</value>
         <object_component_ref idref="oc-1d6"/>
      </symbol>
      <symbol id="sm-1fb">
         <name>__mspabi_divli</name>
         <value>0xdce4</value>
         <object_component_ref idref="oc-1d6"/>
      </symbol>
      <symbol id="sm-20a">
         <name>__mspabi_remul</name>
         <value>0xdbac</value>
         <object_component_ref idref="oc-1a3"/>
      </symbol>
      <symbol id="sm-20b">
         <name>__mspabi_divul</name>
         <value>0xdbac</value>
         <object_component_ref idref="oc-1a3"/>
      </symbol>
      <symbol id="sm-214">
         <name>__mspabi_func_epilog_2</name>
         <value>0xdf54</value>
         <object_component_ref idref="oc-100"/>
      </symbol>
      <symbol id="sm-215">
         <name>__mspabi_func_epilog_3</name>
         <value>0xdf52</value>
         <object_component_ref idref="oc-100"/>
      </symbol>
      <symbol id="sm-216">
         <name>__mspabi_func_epilog_1</name>
         <value>0xdf56</value>
         <object_component_ref idref="oc-100"/>
      </symbol>
      <symbol id="sm-217">
         <name>__mspabi_func_epilog_6</name>
         <value>0xdf4c</value>
         <object_component_ref idref="oc-100"/>
      </symbol>
      <symbol id="sm-218">
         <name>__mspabi_func_epilog_7</name>
         <value>0xdf4a</value>
         <object_component_ref idref="oc-100"/>
      </symbol>
      <symbol id="sm-219">
         <name>__mspabi_func_epilog_4</name>
         <value>0xdf50</value>
         <object_component_ref idref="oc-100"/>
      </symbol>
      <symbol id="sm-21a">
         <name>__mspabi_func_epilog_5</name>
         <value>0xdf4e</value>
         <object_component_ref idref="oc-100"/>
      </symbol>
      <symbol id="sm-225">
         <name>C$$EXIT</name>
         <value>0xdf8a</value>
         <object_component_ref idref="oc-df"/>
      </symbol>
      <symbol id="sm-226">
         <name>abort</name>
         <value>0xdf8a</value>
         <object_component_ref idref="oc-df"/>
      </symbol>
      <symbol id="sm-24c">
         <name>__mspabi_subf</name>
         <value>0xd79c</value>
         <object_component_ref idref="oc-1c7"/>
      </symbol>
      <symbol id="sm-24d">
         <name>__mspabi_addf</name>
         <value>0xd7a2</value>
         <object_component_ref idref="oc-1c7"/>
      </symbol>
      <symbol id="sm-262">
         <name>__mspabi_cmpf</name>
         <value>0xdc50</value>
         <object_component_ref idref="oc-1a9"/>
      </symbol>
      <symbol id="sm-282">
         <name>__mspabi_divf</name>
         <value>0xd98e</value>
         <object_component_ref idref="oc-1b3"/>
      </symbol>
      <symbol id="sm-298">
         <name>__mspabi_fltlif</name>
         <value>0xdc9a</value>
         <object_component_ref idref="oc-1c2"/>
      </symbol>
      <symbol id="sm-2be">
         <name>__mspabi_mpyf</name>
         <value>0xd8cc</value>
         <object_component_ref idref="oc-1b8"/>
      </symbol>
      <symbol id="sm-2c8">
         <name>__mspabi_negf</name>
         <value>0xdf70</value>
         <object_component_ref idref="oc-1ae"/>
      </symbol>
      <symbol id="sm-2e2">
         <name>__mspabi_fixfli</name>
         <value>0xdab4</value>
         <object_component_ref idref="oc-1bd"/>
      </symbol>
      <symbol id="sm-2f2">
         <name>__mspabi_fltuf</name>
         <value>0xdeee</value>
         <object_component_ref idref="oc-1cc"/>
      </symbol>
      <symbol id="sm-2f5">
         <name>__TI_int00</name>
         <value>0xffe0</value>
         <object_component_ref idref="oc-3e"/>
      </symbol>
      <symbol id="sm-2f8">
         <name>__TI_int02</name>
         <value>0xffe4</value>
         <object_component_ref idref="oc-3f"/>
      </symbol>
      <symbol id="sm-2fb">
         <name>__TI_int03</name>
         <value>0xffe6</value>
         <object_component_ref idref="oc-40"/>
      </symbol>
      <symbol id="sm-2fe">
         <name>__TI_int05</name>
         <value>0xffea</value>
         <object_component_ref idref="oc-41"/>
      </symbol>
      <symbol id="sm-301">
         <name>__TI_int06</name>
         <value>0xffec</value>
         <object_component_ref idref="oc-42"/>
      </symbol>
      <symbol id="sm-304">
         <name>__TI_int07</name>
         <value>0xffee</value>
         <object_component_ref idref="oc-43"/>
      </symbol>
      <symbol id="sm-307">
         <name>__TI_int08</name>
         <value>0xfff0</value>
         <object_component_ref idref="oc-44"/>
      </symbol>
      <symbol id="sm-30a">
         <name>__TI_int09</name>
         <value>0xfff2</value>
         <object_component_ref idref="oc-45"/>
      </symbol>
      <symbol id="sm-30d">
         <name>__TI_int10</name>
         <value>0xfff4</value>
         <object_component_ref idref="oc-46"/>
      </symbol>
      <symbol id="sm-310">
         <name>__TI_int11</name>
         <value>0xfff6</value>
         <object_component_ref idref="oc-47"/>
      </symbol>
      <symbol id="sm-313">
         <name>__TI_int12</name>
         <value>0xfff8</value>
         <object_component_ref idref="oc-48"/>
      </symbol>
      <symbol id="sm-316">
         <name>__TI_int13</name>
         <value>0xfffa</value>
         <object_component_ref idref="oc-49"/>
      </symbol>
      <symbol id="sm-319">
         <name>__TI_int14</name>
         <value>0xfffc</value>
         <object_component_ref idref="oc-4a"/>
      </symbol>
      <symbol id="sm-321">
         <name>__TI_ISR_TRAP</name>
         <value>0xdf7a</value>
         <object_component_ref idref="oc-ab"/>
      </symbol>
      <symbol id="sm-329">
         <name>__mspabi_slli</name>
         <value>0xde72</value>
         <object_component_ref idref="oc-1f4"/>
      </symbol>
      <symbol id="sm-32a">
         <name>__mspabi_slli_9</name>
         <value>0xde8a</value>
         <object_component_ref idref="oc-1f4"/>
      </symbol>
      <symbol id="sm-32b">
         <name>__mspabi_slli_8</name>
         <value>0xde8c</value>
         <object_component_ref idref="oc-1f4"/>
      </symbol>
      <symbol id="sm-32c">
         <name>__mspabi_slli_7</name>
         <value>0xde8e</value>
         <object_component_ref idref="oc-1f4"/>
      </symbol>
      <symbol id="sm-32d">
         <name>__mspabi_slli_6</name>
         <value>0xde90</value>
         <object_component_ref idref="oc-1f4"/>
      </symbol>
      <symbol id="sm-32e">
         <name>__mspabi_slli_5</name>
         <value>0xde92</value>
         <object_component_ref idref="oc-1f4"/>
      </symbol>
      <symbol id="sm-32f">
         <name>__mspabi_slli_4</name>
         <value>0xde94</value>
         <object_component_ref idref="oc-1f4"/>
      </symbol>
      <symbol id="sm-330">
         <name>__mspabi_slli_3</name>
         <value>0xde96</value>
         <object_component_ref idref="oc-1f4"/>
      </symbol>
      <symbol id="sm-331">
         <name>__mspabi_slli_2</name>
         <value>0xde98</value>
         <object_component_ref idref="oc-1f4"/>
      </symbol>
      <symbol id="sm-332">
         <name>__mspabi_slli_1</name>
         <value>0xde9a</value>
         <object_component_ref idref="oc-1f4"/>
      </symbol>
      <symbol id="sm-333">
         <name>__mspabi_slli_15</name>
         <value>0xde7e</value>
         <object_component_ref idref="oc-1f4"/>
      </symbol>
      <symbol id="sm-334">
         <name>__mspabi_slli_14</name>
         <value>0xde80</value>
         <object_component_ref idref="oc-1f4"/>
      </symbol>
      <symbol id="sm-335">
         <name>__mspabi_slli_13</name>
         <value>0xde82</value>
         <object_component_ref idref="oc-1f4"/>
      </symbol>
      <symbol id="sm-336">
         <name>__mspabi_slli_12</name>
         <value>0xde84</value>
         <object_component_ref idref="oc-1f4"/>
      </symbol>
      <symbol id="sm-337">
         <name>__mspabi_slli_11</name>
         <value>0xde86</value>
         <object_component_ref idref="oc-1f4"/>
      </symbol>
      <symbol id="sm-338">
         <name>__mspabi_slli_10</name>
         <value>0xde88</value>
         <object_component_ref idref="oc-1f4"/>
      </symbol>
      <symbol id="sm-348">
         <name>__mspabi_slll_9</name>
         <value>0xdd3c</value>
         <object_component_ref idref="oc-1ea"/>
      </symbol>
      <symbol id="sm-349">
         <name>__mspabi_slll_8</name>
         <value>0xdd40</value>
         <object_component_ref idref="oc-1ea"/>
      </symbol>
      <symbol id="sm-34a">
         <name>__mspabi_slll_7</name>
         <value>0xdd44</value>
         <object_component_ref idref="oc-1ea"/>
      </symbol>
      <symbol id="sm-34b">
         <name>__mspabi_slll_6</name>
         <value>0xdd48</value>
         <object_component_ref idref="oc-1ea"/>
      </symbol>
      <symbol id="sm-34c">
         <name>__mspabi_slll_5</name>
         <value>0xdd4c</value>
         <object_component_ref idref="oc-1ea"/>
      </symbol>
      <symbol id="sm-34d">
         <name>__mspabi_slll_4</name>
         <value>0xdd50</value>
         <object_component_ref idref="oc-1ea"/>
      </symbol>
      <symbol id="sm-34e">
         <name>__mspabi_slll_3</name>
         <value>0xdd54</value>
         <object_component_ref idref="oc-1ea"/>
      </symbol>
      <symbol id="sm-34f">
         <name>__mspabi_slll_2</name>
         <value>0xdd58</value>
         <object_component_ref idref="oc-1ea"/>
      </symbol>
      <symbol id="sm-350">
         <name>__mspabi_slll_1</name>
         <value>0xdd5c</value>
         <object_component_ref idref="oc-1ea"/>
      </symbol>
      <symbol id="sm-351">
         <name>__mspabi_slll</name>
         <value>0xdf3a</value>
         <object_component_ref idref="oc-120"/>
      </symbol>
      <symbol id="sm-352">
         <name>__mspabi_slll_15</name>
         <value>0xdd24</value>
         <object_component_ref idref="oc-1ea"/>
      </symbol>
      <symbol id="sm-353">
         <name>__mspabi_slll_14</name>
         <value>0xdd28</value>
         <object_component_ref idref="oc-1ea"/>
      </symbol>
      <symbol id="sm-354">
         <name>__mspabi_slll_13</name>
         <value>0xdd2c</value>
         <object_component_ref idref="oc-1ea"/>
      </symbol>
      <symbol id="sm-355">
         <name>__mspabi_slll_12</name>
         <value>0xdd30</value>
         <object_component_ref idref="oc-1ea"/>
      </symbol>
      <symbol id="sm-356">
         <name>__mspabi_slll_11</name>
         <value>0xdd34</value>
         <object_component_ref idref="oc-1ea"/>
      </symbol>
      <symbol id="sm-357">
         <name>__mspabi_slll_10</name>
         <value>0xdd38</value>
         <object_component_ref idref="oc-1ea"/>
      </symbol>
      <symbol id="sm-35f">
         <name>__mspabi_srli_8</name>
         <value>0xdc2e</value>
         <object_component_ref idref="oc-1ef"/>
      </symbol>
      <symbol id="sm-360">
         <name>__mspabi_srli_9</name>
         <value>0xdc2a</value>
         <object_component_ref idref="oc-1ef"/>
      </symbol>
      <symbol id="sm-361">
         <name>__mspabi_srli_6</name>
         <value>0xdc36</value>
         <object_component_ref idref="oc-1ef"/>
      </symbol>
      <symbol id="sm-362">
         <name>__mspabi_srli_7</name>
         <value>0xdc32</value>
         <object_component_ref idref="oc-1ef"/>
      </symbol>
      <symbol id="sm-363">
         <name>__mspabi_srli_4</name>
         <value>0xdc3e</value>
         <object_component_ref idref="oc-1ef"/>
      </symbol>
      <symbol id="sm-364">
         <name>__mspabi_srli_5</name>
         <value>0xdc3a</value>
         <object_component_ref idref="oc-1ef"/>
      </symbol>
      <symbol id="sm-365">
         <name>__mspabi_srli_2</name>
         <value>0xdc46</value>
         <object_component_ref idref="oc-1ef"/>
      </symbol>
      <symbol id="sm-366">
         <name>__mspabi_srli_3</name>
         <value>0xdc42</value>
         <object_component_ref idref="oc-1ef"/>
      </symbol>
      <symbol id="sm-367">
         <name>__mspabi_srli_1</name>
         <value>0xdc4a</value>
         <object_component_ref idref="oc-1ef"/>
      </symbol>
      <symbol id="sm-368">
         <name>__mspabi_srli</name>
         <value>0xdc04</value>
         <object_component_ref idref="oc-1ef"/>
      </symbol>
      <symbol id="sm-369">
         <name>__mspabi_srli_15</name>
         <value>0xdc12</value>
         <object_component_ref idref="oc-1ef"/>
      </symbol>
      <symbol id="sm-36a">
         <name>__mspabi_srli_14</name>
         <value>0xdc16</value>
         <object_component_ref idref="oc-1ef"/>
      </symbol>
      <symbol id="sm-36b">
         <name>__mspabi_srli_13</name>
         <value>0xdc1a</value>
         <object_component_ref idref="oc-1ef"/>
      </symbol>
      <symbol id="sm-36c">
         <name>__mspabi_srli_12</name>
         <value>0xdc1e</value>
         <object_component_ref idref="oc-1ef"/>
      </symbol>
      <symbol id="sm-36d">
         <name>__mspabi_srli_11</name>
         <value>0xdc22</value>
         <object_component_ref idref="oc-1ef"/>
      </symbol>
      <symbol id="sm-36e">
         <name>__mspabi_srli_10</name>
         <value>0xdc26</value>
         <object_component_ref idref="oc-1ef"/>
      </symbol>
      <symbol id="sm-379">
         <name>_system_pre_init</name>
         <value>0xdf86</value>
         <object_component_ref idref="oc-b7"/>
      </symbol>
   </symbol_table>
   <title>Link successful</title>
</link_info>
